2026-01-14 02:56:57 [main] INFO  Main - ================================================================================
2026-01-14 02:56:57 [main] INFO  Main - APPLICATION STARTED at 2026-01-14T02:56:57.442838300
2026-01-14 02:56:57 [main] INFO  Main - ================================================================================
2026-01-14 02:56:57 [main] INFO  BooleanSearchEngine - Indexing documents from documents\data1.json
2026-01-14 02:56:57 [main] INFO  BooleanSearchEngine - Indexing documents from documents\data1.txt
2026-01-14 02:56:57 [main] INFO  BooleanSearchEngine - Indexing documents from documents\data2.txt
2026-01-14 02:56:57 [main] INFO  BooleanSearchEngine - Saving dictionary into serialization.ser
2026-01-14 02:56:57 [main] INFO  BooleanSearchEngine - Loading dictionary into variable `invertedIndex` from serialization.ser
2026-01-14 02:56:57 [main] INFO  Main - APPLICATION FINISHED
2026-01-14 02:56:57 [main] INFO  Main - ================================================================================

2026-01-14 02:57:18 [main] INFO  Main - ================================================================================
2026-01-14 02:57:18 [main] INFO  Main - APPLICATION STARTED at 2026-01-14T02:57:18.299199300
2026-01-14 02:57:18 [main] INFO  Main - ================================================================================
2026-01-14 02:57:18 [main] INFO  BooleanSearchEngine - Indexing documents from documents\data1.json
2026-01-14 02:57:18 [main] INFO  BooleanSearchEngine - Indexing documents from documents\data1.txt
2026-01-14 02:57:18 [main] INFO  BooleanSearchEngine - Indexing documents from documents\data2.txt
2026-01-14 02:57:18 [main] INFO  BooleanSearchEngine - Saving dictionary into serialization.ser
2026-01-14 02:57:18 [main] INFO  BooleanSearchEngine - Loading dictionary into variable `invertedIndex` from serialization.ser
2026-01-14 02:57:18 [main] INFO  Main - APPLICATION FINISHED
2026-01-14 02:57:18 [main] INFO  Main - ================================================================================

2026-01-14 02:57:45 [main] INFO  Main - ================================================================================
2026-01-14 02:57:45 [main] INFO  Main - APPLICATION STARTED at 2026-01-14T02:57:45.328099300
2026-01-14 02:57:45 [main] INFO  Main - ================================================================================
2026-01-14 02:57:45 [main] INFO  BooleanSearchEngine - Indexing documents from documents\data1.json
2026-01-14 02:57:45 [main] INFO  BooleanSearchEngine - Indexing documents from documents\data1.txt
2026-01-14 02:57:45 [main] INFO  BooleanSearchEngine - Indexing documents from documents\data2.txt
2026-01-14 02:57:45 [main] INFO  BooleanSearchEngine - Saving dictionary into serialization.ser
2026-01-14 02:57:45 [main] INFO  BooleanSearchEngine - Loading dictionary into variable `invertedIndex` from serialization.ser
2026-01-14 02:57:45 [main] INFO  Main - APPLICATION FINISHED
2026-01-14 02:57:45 [main] INFO  Main - ================================================================================

