2026-01-24 22:59:45.514 [main] ERROR core.BooleanSearchEngine - Task execution failed
java.util.concurrent.ExecutionException: java.lang.ArrayIndexOutOfBoundsException: arraycopy: last source index 20 out of bounds for boolean[10]
	at java.base/java.util.concurrent.FutureTask.report(FutureTask.java:124)
	at java.base/java.util.concurrent.FutureTask.get(FutureTask.java:193)
	at core.BooleanSearchEngine.indexDocuments(BooleanSearchEngine.java:68)
	at main.TestMain.main(TestMain.java:12)
Caused by: java.lang.ArrayIndexOutOfBoundsException: arraycopy: last source index 20 out of bounds for boolean[10]
	at java.base/java.lang.System.arraycopy(Native Method)
	at core.TermDocumentMatrix.ensureCapacity(TermDocumentMatrix.java:64)
	at core.TermDocumentMatrix.addTerm(TermDocumentMatrix.java:24)
	at core.BooleanSearchEngine.indexFile(BooleanSearchEngine.java:95)
	at core.BooleanSearchEngine.lambda$indexDocuments$1(BooleanSearchEngine.java:59)
	at java.base/java.util.concurrent.Executors$RunnableAdapter.call(Executors.java:545)
	at java.base/java.util.concurrent.FutureTask.run(FutureTask.java:328)
	at java.base/java.lang.VirtualThread.run(VirtualThread.java:466)
2026-01-24 22:59:45.529 [main] ERROR core.BooleanSearchEngine - Task execution failed
java.util.concurrent.ExecutionException: java.lang.ArrayIndexOutOfBoundsException: arraycopy: last source index 20 out of bounds for boolean[10]
	at java.base/java.util.concurrent.FutureTask.report(FutureTask.java:124)
	at java.base/java.util.concurrent.FutureTask.get(FutureTask.java:193)
	at core.BooleanSearchEngine.indexDocuments(BooleanSearchEngine.java:68)
	at main.TestMain.main(TestMain.java:12)
Caused by: java.lang.ArrayIndexOutOfBoundsException: arraycopy: last source index 20 out of bounds for boolean[10]
	at java.base/java.lang.System.arraycopy(Native Method)
	at core.TermDocumentMatrix.ensureCapacity(TermDocumentMatrix.java:64)
	at core.TermDocumentMatrix.addTerm(TermDocumentMatrix.java:24)
	at core.BooleanSearchEngine.indexFile(BooleanSearchEngine.java:95)
	at core.BooleanSearchEngine.lambda$indexDocuments$1(BooleanSearchEngine.java:59)
	at java.base/java.util.concurrent.Executors$RunnableAdapter.call(Executors.java:545)
	at java.base/java.util.concurrent.FutureTask.run(FutureTask.java:328)
	at java.base/java.lang.VirtualThread.run(VirtualThread.java:466)
2026-01-24 22:59:45.530 [main] ERROR core.BooleanSearchEngine - Task execution failed
java.lang.InterruptedException: null
	at java.base/java.util.concurrent.FutureTask.awaitDone(FutureTask.java:482)
	at java.base/java.util.concurrent.FutureTask.get(FutureTask.java:192)
	at core.BooleanSearchEngine.indexDocuments(BooleanSearchEngine.java:68)
	at main.TestMain.main(TestMain.java:12)
2026-01-24 22:59:45.530 [main] ERROR core.BooleanSearchEngine - Task execution failed
java.lang.InterruptedException: null
	at java.base/java.util.concurrent.FutureTask.awaitDone(FutureTask.java:482)
	at java.base/java.util.concurrent.FutureTask.get(FutureTask.java:192)
	at core.BooleanSearchEngine.indexDocuments(BooleanSearchEngine.java:68)
	at main.TestMain.main(TestMain.java:12)
2026-01-24 22:59:45.530 [main] ERROR core.BooleanSearchEngine - Task execution failed
java.lang.InterruptedException: null
	at java.base/java.util.concurrent.FutureTask.awaitDone(FutureTask.java:482)
	at java.base/java.util.concurrent.FutureTask.get(FutureTask.java:192)
	at core.BooleanSearchEngine.indexDocuments(BooleanSearchEngine.java:68)
	at main.TestMain.main(TestMain.java:12)
2026-01-24 22:59:45.530 [main] ERROR core.BooleanSearchEngine - Task execution failed
java.lang.InterruptedException: null
	at java.base/java.util.concurrent.FutureTask.awaitDone(FutureTask.java:482)
	at java.base/java.util.concurrent.FutureTask.get(FutureTask.java:192)
	at core.BooleanSearchEngine.indexDocuments(BooleanSearchEngine.java:68)
	at main.TestMain.main(TestMain.java:12)
2026-01-24 22:59:45.530 [main] ERROR core.BooleanSearchEngine - Task execution failed
java.lang.InterruptedException: null
	at java.base/java.util.concurrent.FutureTask.awaitDone(FutureTask.java:482)
	at java.base/java.util.concurrent.FutureTask.get(FutureTask.java:192)
	at core.BooleanSearchEngine.indexDocuments(BooleanSearchEngine.java:68)
	at main.TestMain.main(TestMain.java:12)
2026-01-24 22:59:45.531 [main] ERROR core.BooleanSearchEngine - Task execution failed
java.lang.InterruptedException: null
	at java.base/java.util.concurrent.FutureTask.awaitDone(FutureTask.java:482)
	at java.base/java.util.concurrent.FutureTask.get(FutureTask.java:192)
	at core.BooleanSearchEngine.indexDocuments(BooleanSearchEngine.java:68)
	at main.TestMain.main(TestMain.java:12)
2026-01-24 22:59:45.531 [main] ERROR core.BooleanSearchEngine - Task execution failed
java.lang.InterruptedException: null
	at java.base/java.util.concurrent.FutureTask.awaitDone(FutureTask.java:482)
	at java.base/java.util.concurrent.FutureTask.get(FutureTask.java:192)
	at core.BooleanSearchEngine.indexDocuments(BooleanSearchEngine.java:68)
	at main.TestMain.main(TestMain.java:12)
2026-01-24 22:59:45.531 [main] ERROR core.BooleanSearchEngine - Task execution failed
java.lang.InterruptedException: null
	at java.base/java.util.concurrent.FutureTask.awaitDone(FutureTask.java:482)
	at java.base/java.util.concurrent.FutureTask.get(FutureTask.java:192)
	at core.BooleanSearchEngine.indexDocuments(BooleanSearchEngine.java:68)
	at main.TestMain.main(TestMain.java:12)
2026-01-24 22:59:45.531 [main] ERROR core.BooleanSearchEngine - Task execution failed
java.util.concurrent.ExecutionException: java.lang.ArrayIndexOutOfBoundsException: arraycopy: last source index 20 out of bounds for boolean[10]
	at java.base/java.util.concurrent.FutureTask.report(FutureTask.java:124)
	at java.base/java.util.concurrent.FutureTask.get(FutureTask.java:193)
	at core.BooleanSearchEngine.indexDocuments(BooleanSearchEngine.java:68)
	at main.TestMain.main(TestMain.java:12)
Caused by: java.lang.ArrayIndexOutOfBoundsException: arraycopy: last source index 20 out of bounds for boolean[10]
	at java.base/java.lang.System.arraycopy(Native Method)
	at core.TermDocumentMatrix.ensureCapacity(TermDocumentMatrix.java:64)
	at core.TermDocumentMatrix.addTerm(TermDocumentMatrix.java:24)
	at core.BooleanSearchEngine.indexFile(BooleanSearchEngine.java:95)
	at core.BooleanSearchEngine.lambda$indexDocuments$1(BooleanSearchEngine.java:59)
	at java.base/java.util.concurrent.Executors$RunnableAdapter.call(Executors.java:545)
	at java.base/java.util.concurrent.FutureTask.run(FutureTask.java:328)
	at java.base/java.lang.VirtualThread.run(VirtualThread.java:466)
2026-01-24 22:59:45.531 [main] ERROR core.BooleanSearchEngine - Task execution failed
java.lang.InterruptedException: null
	at java.base/java.util.concurrent.FutureTask.awaitDone(FutureTask.java:482)
	at java.base/java.util.concurrent.FutureTask.get(FutureTask.java:192)
	at core.BooleanSearchEngine.indexDocuments(BooleanSearchEngine.java:68)
	at main.TestMain.main(TestMain.java:12)
2026-01-24 22:59:45.531 [main] ERROR core.BooleanSearchEngine - Task execution failed
java.util.concurrent.ExecutionException: java.lang.ArrayIndexOutOfBoundsException: arraycopy: last source index 20 out of bounds for boolean[10]
	at java.base/java.util.concurrent.FutureTask.report(FutureTask.java:124)
	at java.base/java.util.concurrent.FutureTask.get(FutureTask.java:193)
	at core.BooleanSearchEngine.indexDocuments(BooleanSearchEngine.java:68)
	at main.TestMain.main(TestMain.java:12)
Caused by: java.lang.ArrayIndexOutOfBoundsException: arraycopy: last source index 20 out of bounds for boolean[10]
	at java.base/java.lang.System.arraycopy(Native Method)
	at core.TermDocumentMatrix.ensureCapacity(TermDocumentMatrix.java:64)
	at core.TermDocumentMatrix.addTerm(TermDocumentMatrix.java:24)
	at core.BooleanSearchEngine.indexFile(BooleanSearchEngine.java:95)
	at core.BooleanSearchEngine.lambda$indexDocuments$1(BooleanSearchEngine.java:59)
	at java.base/java.util.concurrent.Executors$RunnableAdapter.call(Executors.java:545)
	at java.base/java.util.concurrent.FutureTask.run(FutureTask.java:328)
	at java.base/java.lang.VirtualThread.run(VirtualThread.java:466)
2026-01-24 22:59:45.532 [main] ERROR core.BooleanSearchEngine - Task execution failed
java.util.concurrent.ExecutionException: java.lang.ArrayIndexOutOfBoundsException: arraycopy: last source index 20 out of bounds for boolean[10]
	at java.base/java.util.concurrent.FutureTask.report(FutureTask.java:124)
	at java.base/java.util.concurrent.FutureTask.get(FutureTask.java:193)
	at core.BooleanSearchEngine.indexDocuments(BooleanSearchEngine.java:68)
	at main.TestMain.main(TestMain.java:12)
Caused by: java.lang.ArrayIndexOutOfBoundsException: arraycopy: last source index 20 out of bounds for boolean[10]
	at java.base/java.lang.System.arraycopy(Native Method)
	at core.TermDocumentMatrix.ensureCapacity(TermDocumentMatrix.java:64)
	at core.TermDocumentMatrix.addTerm(TermDocumentMatrix.java:24)
	at core.BooleanSearchEngine.indexFile(BooleanSearchEngine.java:95)
	at core.BooleanSearchEngine.lambda$indexDocuments$1(BooleanSearchEngine.java:59)
	at java.base/java.util.concurrent.Executors$RunnableAdapter.call(Executors.java:545)
	at java.base/java.util.concurrent.FutureTask.run(FutureTask.java:328)
	at java.base/java.lang.VirtualThread.run(VirtualThread.java:466)
2026-01-24 22:59:45.532 [main] ERROR core.BooleanSearchEngine - Task execution failed
java.lang.InterruptedException: null
	at java.base/java.util.concurrent.FutureTask.awaitDone(FutureTask.java:482)
	at java.base/java.util.concurrent.FutureTask.get(FutureTask.java:192)
	at core.BooleanSearchEngine.indexDocuments(BooleanSearchEngine.java:68)
	at main.TestMain.main(TestMain.java:12)
2026-01-24 22:59:45.532 [main] ERROR core.BooleanSearchEngine - Task execution failed
java.util.concurrent.ExecutionException: java.lang.ArrayIndexOutOfBoundsException: arraycopy: last source index 20 out of bounds for boolean[10]
	at java.base/java.util.concurrent.FutureTask.report(FutureTask.java:124)
	at java.base/java.util.concurrent.FutureTask.get(FutureTask.java:193)
	at core.BooleanSearchEngine.indexDocuments(BooleanSearchEngine.java:68)
	at main.TestMain.main(TestMain.java:12)
Caused by: java.lang.ArrayIndexOutOfBoundsException: arraycopy: last source index 20 out of bounds for boolean[10]
	at java.base/java.lang.System.arraycopy(Native Method)
	at core.TermDocumentMatrix.ensureCapacity(TermDocumentMatrix.java:64)
	at core.TermDocumentMatrix.addTerm(TermDocumentMatrix.java:24)
	at core.BooleanSearchEngine.indexFile(BooleanSearchEngine.java:95)
	at core.BooleanSearchEngine.lambda$indexDocuments$1(BooleanSearchEngine.java:59)
	at java.base/java.util.concurrent.Executors$RunnableAdapter.call(Executors.java:545)
	at java.base/java.util.concurrent.FutureTask.run(FutureTask.java:328)
	at java.base/java.lang.VirtualThread.run(VirtualThread.java:466)
2026-01-24 22:59:45.532 [main] ERROR core.BooleanSearchEngine - Task execution failed
java.lang.InterruptedException: null
	at java.base/java.util.concurrent.FutureTask.awaitDone(FutureTask.java:482)
	at java.base/java.util.concurrent.FutureTask.get(FutureTask.java:192)
	at core.BooleanSearchEngine.indexDocuments(BooleanSearchEngine.java:68)
	at main.TestMain.main(TestMain.java:12)
2026-01-24 22:59:45.533 [main] ERROR core.BooleanSearchEngine - Task execution failed
java.lang.InterruptedException: null
	at java.base/java.util.concurrent.FutureTask.awaitDone(FutureTask.java:482)
	at java.base/java.util.concurrent.FutureTask.get(FutureTask.java:192)
	at core.BooleanSearchEngine.indexDocuments(BooleanSearchEngine.java:68)
	at main.TestMain.main(TestMain.java:12)
2026-01-24 22:59:45.533 [main] ERROR core.BooleanSearchEngine - Task execution failed
java.lang.InterruptedException: null
	at java.base/java.util.concurrent.FutureTask.awaitDone(FutureTask.java:482)
	at java.base/java.util.concurrent.FutureTask.get(FutureTask.java:192)
	at core.BooleanSearchEngine.indexDocuments(BooleanSearchEngine.java:68)
	at main.TestMain.main(TestMain.java:12)
2026-01-24 22:59:45.533 [main] ERROR core.BooleanSearchEngine - Task execution failed
java.lang.InterruptedException: null
	at java.base/java.util.concurrent.FutureTask.awaitDone(FutureTask.java:482)
	at java.base/java.util.concurrent.FutureTask.get(FutureTask.java:192)
	at core.BooleanSearchEngine.indexDocuments(BooleanSearchEngine.java:68)
	at main.TestMain.main(TestMain.java:12)
