2026-01-19 15:11:08.519 [main] INFO  main.Main - ================================================================================
2026-01-19 15:11:08.526 [main] INFO  main.Main - APPLICATION STARTED at 2026-01-19T15:11:08.526538600
2026-01-19 15:11:08.527 [main] INFO  main.Main - ================================================================================
2026-01-19 15:11:35.780 [main] INFO  main.MenuController - Indexing from documents
2026-01-19 15:11:35.827 [main] INFO  main.MenuController - Indexing completed
2026-01-19 15:27:01.710 [main] INFO  main.Main - ================================================================================
2026-01-19 15:27:01.712 [main] INFO  main.Main - APPLICATION STARTED at 2026-01-19T15:27:01.712465100
2026-01-19 15:27:01.752 [main] INFO  main.Main - ================================================================================
2026-01-19 15:27:14.016 [main] INFO  main.MenuController - Generating OptionalInt[20] large files...
2026-01-19 15:27:14.675 [main] INFO  generator.GenerateFiles - === Generating Large Files (~1-3 MB) ===
2026-01-19 15:27:14.695 [virtual-37] INFO  generator.GenerateFiles -   [1] Downloading book 2701...
2026-01-19 15:27:16.470 [virtual-37] INFO  generator.GenerateFiles - ✓ Downloaded book 2701 (1211 KB)
2026-01-19 15:27:16.699 [virtual-39] INFO  generator.GenerateFiles -   [2] Downloading book 2600...
2026-01-19 15:27:17.603 [virtual-39] INFO  generator.GenerateFiles - ✓ Downloaded book 2600 (3216 KB)
2026-01-19 15:27:18.696 [virtual-41] INFO  generator.GenerateFiles -   [3] Downloading book 1399...
2026-01-19 15:27:19.559 [virtual-41] INFO  generator.GenerateFiles - ✓ Downloaded book 1399 (1957 KB)
2026-01-19 15:27:20.698 [virtual-45] INFO  generator.GenerateFiles -   [4] Downloading book 1661...
2026-01-19 15:27:21.154 [virtual-45] INFO  generator.GenerateFiles - ✓ Downloaded book 1661 (579 KB)
2026-01-19 15:27:22.700 [virtual-47] INFO  generator.GenerateFiles -   [5] Downloading book 2701...
2026-01-19 15:27:23.546 [virtual-47] INFO  generator.GenerateFiles - ✓ Downloaded book 2701 (1211 KB)
2026-01-19 15:27:24.697 [virtual-48] INFO  generator.GenerateFiles -   [6] Downloading book 2600...
2026-01-19 15:27:25.845 [virtual-48] INFO  generator.GenerateFiles - ✓ Downloaded book 2600 (3216 KB)
2026-01-19 15:27:26.697 [virtual-49] INFO  generator.GenerateFiles -   [7] Downloading book 1399...
2026-01-19 15:27:27.326 [virtual-49] INFO  generator.GenerateFiles - ✓ Downloaded book 1399 (1957 KB)
2026-01-19 15:27:28.697 [virtual-50] INFO  generator.GenerateFiles -   [8] Downloading book 1661...
2026-01-19 15:27:29.281 [virtual-50] INFO  generator.GenerateFiles - ✓ Downloaded book 1661 (579 KB)
2026-01-19 15:27:30.697 [virtual-51] INFO  generator.GenerateFiles -   [9] Downloading book 2701...
2026-01-19 15:27:31.564 [virtual-51] INFO  generator.GenerateFiles - ✓ Downloaded book 2701 (1211 KB)
2026-01-19 15:27:32.698 [virtual-52] INFO  generator.GenerateFiles -   [10] Downloading book 2600...
2026-01-19 15:27:33.716 [virtual-52] INFO  generator.GenerateFiles - ✓ Downloaded book 2600 (3216 KB)
2026-01-19 15:27:34.697 [virtual-53] INFO  generator.GenerateFiles -   [11] Downloading book 1399...
2026-01-19 15:27:35.458 [virtual-53] INFO  generator.GenerateFiles - ✓ Downloaded book 1399 (1957 KB)
2026-01-19 15:27:36.696 [virtual-54] INFO  generator.GenerateFiles -   [12] Downloading book 1661...
2026-01-19 15:27:37.279 [virtual-54] INFO  generator.GenerateFiles - ✓ Downloaded book 1661 (579 KB)
2026-01-19 15:27:38.697 [virtual-55] INFO  generator.GenerateFiles -   [13] Downloading book 2701...
2026-01-19 15:27:39.454 [virtual-55] INFO  generator.GenerateFiles - ✓ Downloaded book 2701 (1211 KB)
2026-01-19 15:27:40.696 [virtual-56] INFO  generator.GenerateFiles -   [14] Downloading book 2600...
2026-01-19 15:27:41.709 [virtual-56] INFO  generator.GenerateFiles - ✓ Downloaded book 2600 (3216 KB)
2026-01-19 15:27:42.697 [virtual-57] INFO  generator.GenerateFiles -   [15] Downloading book 1399...
2026-01-19 15:27:43.462 [virtual-57] INFO  generator.GenerateFiles - ✓ Downloaded book 1399 (1957 KB)
2026-01-19 15:27:44.698 [virtual-58] INFO  generator.GenerateFiles -   [16] Downloading book 1661...
2026-01-19 15:27:45.301 [virtual-58] INFO  generator.GenerateFiles - ✓ Downloaded book 1661 (579 KB)
2026-01-19 15:27:46.697 [virtual-59] INFO  generator.GenerateFiles -   [17] Downloading book 2701...
2026-01-19 15:27:47.453 [virtual-59] INFO  generator.GenerateFiles - ✓ Downloaded book 2701 (1211 KB)
2026-01-19 15:27:48.698 [virtual-60] INFO  generator.GenerateFiles -   [18] Downloading book 2600...
2026-01-19 15:27:49.707 [virtual-60] INFO  generator.GenerateFiles - ✓ Downloaded book 2600 (3216 KB)
2026-01-19 15:27:50.696 [virtual-61] INFO  generator.GenerateFiles -   [19] Downloading book 1399...
2026-01-19 15:27:51.445 [virtual-61] INFO  generator.GenerateFiles - ✓ Downloaded book 1399 (1957 KB)
2026-01-19 15:27:52.697 [virtual-62] INFO  generator.GenerateFiles -   [20] Downloading book 1661...
2026-01-19 15:27:53.285 [virtual-62] INFO  generator.GenerateFiles - ✓ Downloaded book 1661 (579 KB)
2026-01-19 15:27:53.290 [main] INFO  generator.GenerateFiles -   Successfully generated all 20 files
2026-01-19 15:28:37.998 [main] INFO  main.MenuController - Indexing from documents
2026-01-19 15:28:38.507 [main] INFO  main.MenuController - Indexing completed
2026-01-19 15:29:23.117 [main] INFO  core.BooleanSearchEngine - Index saved to serialization.json (format: json, docs: 20, terms: 37057)
2026-01-19 15:29:23.118 [main] INFO  main.MenuController - Index was saved into serialization.json.json%n
2026-01-19 15:29:24.704 [main] INFO  main.Main - ================================================================================
2026-01-19 15:29:24.704 [main] INFO  main.Main - APPLICATION FINISHED at 2026-01-19T15:29:24.704662600
2026-01-19 15:29:24.704 [main] INFO  main.Main - ================================================================================
2026-01-19 16:13:52.890 [main] INFO  main.Main - ================================================================================
2026-01-19 16:13:52.893 [main] INFO  main.Main - APPLICATION STARTED at 2026-01-19T16:13:52.893882800
2026-01-19 16:13:52.894 [main] INFO  main.Main - ================================================================================
2026-01-19 16:14:01.687 [main] INFO  main.MenuController - Indexing from documents
2026-01-19 16:14:02.228 [main] INFO  main.MenuController - Indexing completed
