2026-02-15 20:09:30.106 [main] INFO  main.Main - ================================================================================
2026-02-15 20:09:30.110 [main] INFO  main.Main - APPLICATION STARTED at 2026-02-15T20:09:30.110676726
2026-02-15 20:09:30.111 [main] INFO  main.Main - ================================================================================
2026-02-15 20:09:38.218 [main] INFO  menu.MenuController - Indexing from documents
2026-02-15 20:09:42.063 [main] INFO  menu.MenuController - Indexing completed
2026-02-15 20:09:42.064 [main] INFO  core.BooleanSearchEngine - Building wildcard indexes
2026-02-15 20:09:42.189 [main] INFO  index.ThreeGramIndex - Built 3-gram index: 37208 unique terms, 8793 n-grams
2026-02-15 20:09:42.189 [main] INFO  core.BooleanSearchEngine - Wildcard indexes built: BTree=37208, ReverseBTree=37208, ThreeGram=37208
2026-02-15 20:09:53.664 [main] INFO  menu.MenuController - Listing directory documents
2026-02-15 20:10:16.391 [main] INFO  main.Main - ================================================================================
2026-02-15 20:10:16.392 [main] INFO  main.Main - APPLICATION FINISHED at 2026-02-15T20:10:16.392104631
2026-02-15 20:10:16.392 [main] INFO  main.Main - ================================================================================
2026-02-15 20:10:19.580 [main] INFO  main.Main - ================================================================================
2026-02-15 20:10:19.582 [main] INFO  main.Main - APPLICATION STARTED at 2026-02-15T20:10:19.582325051
2026-02-15 20:10:19.582 [main] INFO  main.Main - ================================================================================
2026-02-15 20:10:24.981 [main] INFO  menu.MenuController - Indexing from documents
2026-02-15 20:10:28.840 [main] INFO  menu.MenuController - Indexing completed
2026-02-15 20:10:28.840 [main] INFO  core.BooleanSearchEngine - Building wildcard indexes
2026-02-15 20:10:28.967 [main] INFO  index.ThreeGramIndex - Built 3-gram index: 37208 unique terms, 8793 n-grams
2026-02-15 20:10:28.967 [main] INFO  core.BooleanSearchEngine - Wildcard indexes built: BTree=37208, ReverseBTree=37208, ThreeGram=37208
2026-02-15 20:10:41.449 [main] INFO  core.BooleanSearchEngine - Index saved to test1.txt (format: txt, docs: 20, terms: 37208)
2026-02-15 20:10:41.450 [main] INFO  menu.MenuController - Index was saved into test1.txt.txt%n
2026-02-15 20:10:48.732 [main] INFO  main.Main - ================================================================================
2026-02-15 20:10:48.733 [main] INFO  main.Main - APPLICATION FINISHED at 2026-02-15T20:10:48.732992019
2026-02-15 20:10:48.733 [main] INFO  main.Main - ================================================================================
2026-02-15 20:11:55.648 [main] INFO  main.Main - ================================================================================
2026-02-15 20:11:55.651 [main] INFO  main.Main - APPLICATION STARTED at 2026-02-15T20:11:55.651150734
2026-02-15 20:11:55.652 [main] INFO  main.Main - ================================================================================
2026-02-15 20:12:06.021 [main] INFO  core.BooleanSearchEngine - Index loaded from test1.txt (format: txt, docs: 20, terms: 0, next ID: 21)
2026-02-15 20:12:06.021 [main] INFO  menu.MenuController - Index was loaded from test1.txt.txt%n
2026-02-15 20:12:06.021 [main] INFO  core.BooleanSearchEngine - Building wildcard indexes
2026-02-15 20:12:06.022 [main] INFO  index.ThreeGramIndex - Built 3-gram index: 0 unique terms, 0 n-grams
2026-02-15 20:12:06.022 [main] INFO  core.BooleanSearchEngine - Wildcard indexes built: BTree=0, ReverseBTree=0, ThreeGram=0
2026-02-15 20:13:13.133 [main] ERROR main.Main - Unexpected error occurred
java.util.NoSuchElementException: null
	at java.base/java.util.Scanner.throwFor(Scanner.java:975)
	at java.base/java.util.Scanner.next(Scanner.java:1632)
	at java.base/java.util.Scanner.nextInt(Scanner.java:2297)
	at java.base/java.util.Scanner.nextInt(Scanner.java:2251)
	at scanner.CustomScanner.parseInt(CustomScanner.java:19)
	at main.Main.main(Main.java:34)
2026-02-15 20:13:13.137 [main] ERROR main.Main - Unexpected error occurred
java.util.NoSuchElementException: null
	at java.base/java.util.Scanner.throwFor(Scanner.java:975)
	at java.base/java.util.Scanner.next(Scanner.java:1632)
	at java.base/java.util.Scanner.nextInt(Scanner.java:2297)
	at java.base/java.util.Scanner.nextInt(Scanner.java:2251)
	at scanner.CustomScanner.parseInt(CustomScanner.java:19)
	at main.Main.main(Main.java:34)
2026-02-15 20:13:13.139 [main] ERROR main.Main - Unexpected error occurred
java.util.NoSuchElementException: null
	at java.base/java.util.Scanner.throwFor(Scanner.java:975)
	at java.base/java.util.Scanner.next(Scanner.java:1632)
	at java.base/java.util.Scanner.nextInt(Scanner.java:2297)
	at java.base/java.util.Scanner.nextInt(Scanner.java:2251)
	at scanner.CustomScanner.parseInt(CustomScanner.java:19)
	at main.Main.main(Main.java:34)
2026-02-15 20:13:13.141 [main] ERROR main.Main - Unexpected error occurred
java.util.NoSuchElementException: null
	at java.base/java.util.Scanner.throwFor(Scanner.java:975)
	at java.base/java.util.Scanner.next(Scanner.java:1632)
	at java.base/java.util.Scanner.nextInt(Scanner.java:2297)
	at java.base/java.util.Scanner.nextInt(Scanner.java:2251)
	at scanner.CustomScanner.parseInt(CustomScanner.java:19)
	at main.Main.main(Main.java:34)
2026-02-15 20:13:13.144 [main] ERROR main.Main - Unexpected error occurred
java.util.NoSuchElementException: null
	at java.base/java.util.Scanner.throwFor(Scanner.java:975)
	at java.base/java.util.Scanner.next(Scanner.java:1632)
	at java.base/java.util.Scanner.nextInt(Scanner.java:2297)
	at java.base/java.util.Scanner.nextInt(Scanner.java:2251)
	at scanner.CustomScanner.parseInt(CustomScanner.java:19)
	at main.Main.main(Main.java:34)
2026-02-15 20:13:13.146 [main] ERROR main.Main - Unexpected error occurred
java.util.NoSuchElementException: null
	at java.base/java.util.Scanner.throwFor(Scanner.java:975)
	at java.base/java.util.Scanner.next(Scanner.java:1632)
	at java.base/java.util.Scanner.nextInt(Scanner.java:2297)
	at java.base/java.util.Scanner.nextInt(Scanner.java:2251)
	at scanner.CustomScanner.parseInt(CustomScanner.java:19)
	at main.Main.main(Main.java:34)
2026-02-15 20:13:13.148 [main] ERROR main.Main - Unexpected error occurred
java.util.NoSuchElementException: null
	at java.base/java.util.Scanner.throwFor(Scanner.java:975)
	at java.base/java.util.Scanner.next(Scanner.java:1632)
	at java.base/java.util.Scanner.nextInt(Scanner.java:2297)
	at java.base/java.util.Scanner.nextInt(Scanner.java:2251)
	at scanner.CustomScanner.parseInt(CustomScanner.java:19)
	at main.Main.main(Main.java:34)
2026-02-15 20:13:13.150 [main] ERROR main.Main - Unexpected error occurred
java.util.NoSuchElementException: null
	at java.base/java.util.Scanner.throwFor(Scanner.java:975)
	at java.base/java.util.Scanner.next(Scanner.java:1632)
	at java.base/java.util.Scanner.nextInt(Scanner.java:2297)
	at java.base/java.util.Scanner.nextInt(Scanner.java:2251)
	at scanner.CustomScanner.parseInt(CustomScanner.java:19)
	at main.Main.main(Main.java:34)
2026-02-15 20:13:13.151 [main] ERROR main.Main - Unexpected error occurred
java.util.NoSuchElementException: null
	at java.base/java.util.Scanner.throwFor(Scanner.java:975)
	at java.base/java.util.Scanner.next(Scanner.java:1632)
	at java.base/java.util.Scanner.nextInt(Scanner.java:2297)
	at java.base/java.util.Scanner.nextInt(Scanner.java:2251)
	at scanner.CustomScanner.parseInt(CustomScanner.java:19)
	at main.Main.main(Main.java:34)
2026-02-15 20:13:13.153 [main] ERROR main.Main - Unexpected error occurred
java.util.NoSuchElementException: null
	at java.base/java.util.Scanner.throwFor(Scanner.java:975)
	at java.base/java.util.Scanner.next(Scanner.java:1632)
	at java.base/java.util.Scanner.nextInt(Scanner.java:2297)
	at java.base/java.util.Scanner.nextInt(Scanner.java:2251)
	at scanner.CustomScanner.parseInt(CustomScanner.java:19)
	at main.Main.main(Main.java:34)
2026-02-15 20:13:13.154 [main] ERROR main.Main - Unexpected error occurred
java.util.NoSuchElementException: null
	at java.base/java.util.Scanner.throwFor(Scanner.java:975)
	at java.base/java.util.Scanner.next(Scanner.java:1632)
	at java.base/java.util.Scanner.nextInt(Scanner.java:2297)
	at java.base/java.util.Scanner.nextInt(Scanner.java:2251)
	at scanner.CustomScanner.parseInt(CustomScanner.java:19)
	at main.Main.main(Main.java:34)
2026-02-15 20:13:13.156 [main] ERROR main.Main - Unexpected error occurred
java.util.NoSuchElementException: null
	at java.base/java.util.Scanner.throwFor(Scanner.java:975)
	at java.base/java.util.Scanner.next(Scanner.java:1632)
	at java.base/java.util.Scanner.nextInt(Scanner.java:2297)
	at java.base/java.util.Scanner.nextInt(Scanner.java:2251)
	at scanner.CustomScanner.parseInt(CustomScanner.java:19)
	at main.Main.main(Main.java:34)
2026-02-15 20:13:13.158 [main] ERROR main.Main - Unexpected error occurred
java.util.NoSuchElementException: null
	at java.base/java.util.Scanner.throwFor(Scanner.java:975)
	at java.base/java.util.Scanner.next(Scanner.java:1632)
	at java.base/java.util.Scanner.nextInt(Scanner.java:2297)
	at java.base/java.util.Scanner.nextInt(Scanner.java:2251)
	at scanner.CustomScanner.parseInt(CustomScanner.java:19)
	at main.Main.main(Main.java:34)
2026-02-15 20:13:13.159 [main] ERROR main.Main - Unexpected error occurred
java.util.NoSuchElementException: null
	at java.base/java.util.Scanner.throwFor(Scanner.java:975)
	at java.base/java.util.Scanner.next(Scanner.java:1632)
	at java.base/java.util.Scanner.nextInt(Scanner.java:2297)
	at java.base/java.util.Scanner.nextInt(Scanner.java:2251)
	at scanner.CustomScanner.parseInt(CustomScanner.java:19)
	at main.Main.main(Main.java:34)
2026-02-15 20:13:13.160 [main] ERROR main.Main - Unexpected error occurred
java.util.NoSuchElementException: null
	at java.base/java.util.Scanner.throwFor(Scanner.java:975)
	at java.base/java.util.Scanner.next(Scanner.java:1632)
	at java.base/java.util.Scanner.nextInt(Scanner.java:2297)
	at java.base/java.util.Scanner.nextInt(Scanner.java:2251)
	at scanner.CustomScanner.parseInt(CustomScanner.java:19)
	at main.Main.main(Main.java:34)
2026-02-15 20:13:13.162 [main] ERROR main.Main - Unexpected error occurred
java.util.NoSuchElementException: null
	at java.base/java.util.Scanner.throwFor(Scanner.java:975)
	at java.base/java.util.Scanner.next(Scanner.java:1632)
	at java.base/java.util.Scanner.nextInt(Scanner.java:2297)
	at java.base/java.util.Scanner.nextInt(Scanner.java:2251)
	at scanner.CustomScanner.parseInt(CustomScanner.java:19)
	at main.Main.main(Main.java:34)
2026-02-15 20:13:13.163 [main] ERROR main.Main - Unexpected error occurred
java.util.NoSuchElementException: null
	at java.base/java.util.Scanner.throwFor(Scanner.java:975)
	at java.base/java.util.Scanner.next(Scanner.java:1632)
	at java.base/java.util.Scanner.nextInt(Scanner.java:2297)
	at java.base/java.util.Scanner.nextInt(Scanner.java:2251)
	at scanner.CustomScanner.parseInt(CustomScanner.java:19)
	at main.Main.main(Main.java:34)
2026-02-15 20:13:13.164 [main] ERROR main.Main - Unexpected error occurred
java.util.NoSuchElementException: null
	at java.base/java.util.Scanner.throwFor(Scanner.java:975)
	at java.base/java.util.Scanner.next(Scanner.java:1632)
	at java.base/java.util.Scanner.nextInt(Scanner.java:2297)
	at java.base/java.util.Scanner.nextInt(Scanner.java:2251)
	at scanner.CustomScanner.parseInt(CustomScanner.java:19)
	at main.Main.main(Main.java:34)
2026-02-15 20:13:13.166 [main] ERROR main.Main - Unexpected error occurred
java.util.NoSuchElementException: null
	at java.base/java.util.Scanner.throwFor(Scanner.java:975)
	at java.base/java.util.Scanner.next(Scanner.java:1632)
	at java.base/java.util.Scanner.nextInt(Scanner.java:2297)
	at java.base/java.util.Scanner.nextInt(Scanner.java:2251)
	at scanner.CustomScanner.parseInt(CustomScanner.java:19)
	at main.Main.main(Main.java:34)
2026-02-15 20:13:13.167 [main] ERROR main.Main - Unexpected error occurred
java.util.NoSuchElementException: null
	at java.base/java.util.Scanner.throwFor(Scanner.java:975)
	at java.base/java.util.Scanner.next(Scanner.java:1632)
	at java.base/java.util.Scanner.nextInt(Scanner.java:2297)
	at java.base/java.util.Scanner.nextInt(Scanner.java:2251)
	at scanner.CustomScanner.parseInt(CustomScanner.java:19)
	at main.Main.main(Main.java:34)
2026-02-15 20:13:13.168 [main] ERROR main.Main - Unexpected error occurred
java.util.NoSuchElementException: null
	at java.base/java.util.Scanner.throwFor(Scanner.java:975)
	at java.base/java.util.Scanner.next(Scanner.java:1632)
	at java.base/java.util.Scanner.nextInt(Scanner.java:2297)
	at java.base/java.util.Scanner.nextInt(Scanner.java:2251)
	at scanner.CustomScanner.parseInt(CustomScanner.java:19)
	at main.Main.main(Main.java:34)
2026-02-15 20:13:13.171 [main] ERROR main.Main - Unexpected error occurred
java.util.NoSuchElementException: null
	at java.base/java.util.Scanner.throwFor(Scanner.java:975)
	at java.base/java.util.Scanner.next(Scanner.java:1632)
	at java.base/java.util.Scanner.nextInt(Scanner.java:2297)
	at java.base/java.util.Scanner.nextInt(Scanner.java:2251)
	at scanner.CustomScanner.parseInt(CustomScanner.java:19)
	at main.Main.main(Main.java:34)
2026-02-15 20:15:10.842 [main] INFO  main.Main - ================================================================================
2026-02-15 20:15:10.844 [main] INFO  main.Main - APPLICATION STARTED at 2026-02-15T20:15:10.844679326
2026-02-15 20:15:10.845 [main] INFO  main.Main - ================================================================================
2026-02-15 20:15:21.936 [main] INFO  core.BooleanSearchEngine - Rebuilding derived indexes from PositionalIndex
2026-02-15 20:15:26.314 [main] INFO  core.BooleanSearchEngine - Rebuilt: InvertedIndex=37208, BiwordIndex=403908, Matrix=37208
2026-02-15 20:15:26.314 [main] INFO  core.BooleanSearchEngine - Index loaded from test1.txt (format: txt, docs: 20, terms: 37208, next ID: 21)
2026-02-15 20:15:26.315 [main] INFO  menu.MenuController - Index was loaded from test1.txt.txt%n
2026-02-15 20:15:26.315 [main] INFO  core.BooleanSearchEngine - Building wildcard indexes
2026-02-15 20:15:26.422 [main] INFO  index.ThreeGramIndex - Built 3-gram index: 37208 unique terms, 8793 n-grams
2026-02-15 20:15:26.422 [main] INFO  core.BooleanSearchEngine - Wildcard indexes built: BTree=37208, ReverseBTree=37208, ThreeGram=37208
2026-02-15 20:16:37.701 [main] INFO  main.Main - ================================================================================
2026-02-15 20:16:37.701 [main] INFO  main.Main - APPLICATION FINISHED at 2026-02-15T20:16:37.701793492
2026-02-15 20:16:37.701 [main] INFO  main.Main - ================================================================================
2026-02-15 20:25:32.730 [main] INFO  main.Main - ================================================================================
2026-02-15 20:25:32.731 [main] INFO  main.Main - APPLICATION STARTED at 2026-02-15T20:25:32.731895011
2026-02-15 20:25:32.732 [main] INFO  main.Main - ================================================================================
2026-02-15 20:25:37.767 [main] ERROR main.Main - Unexpected error occurred
java.util.NoSuchElementException: null
	at java.base/java.util.Scanner.throwFor(Scanner.java:975)
	at java.base/java.util.Scanner.next(Scanner.java:1632)
	at java.base/java.util.Scanner.nextInt(Scanner.java:2297)
	at java.base/java.util.Scanner.nextInt(Scanner.java:2251)
	at scanner.CustomScanner.parseInt(CustomScanner.java:19)
	at main.Main.main(Main.java:34)
2026-02-15 20:25:37.773 [main] ERROR main.Main - Unexpected error occurred
java.util.NoSuchElementException: null
	at java.base/java.util.Scanner.throwFor(Scanner.java:975)
	at java.base/java.util.Scanner.next(Scanner.java:1632)
	at java.base/java.util.Scanner.nextInt(Scanner.java:2297)
	at java.base/java.util.Scanner.nextInt(Scanner.java:2251)
	at scanner.CustomScanner.parseInt(CustomScanner.java:19)
	at main.Main.main(Main.java:34)
2026-02-15 20:25:37.776 [main] ERROR main.Main - Unexpected error occurred
java.util.NoSuchElementException: null
	at java.base/java.util.Scanner.throwFor(Scanner.java:975)
	at java.base/java.util.Scanner.next(Scanner.java:1632)
	at java.base/java.util.Scanner.nextInt(Scanner.java:2297)
	at java.base/java.util.Scanner.nextInt(Scanner.java:2251)
	at scanner.CustomScanner.parseInt(CustomScanner.java:19)
	at main.Main.main(Main.java:34)
2026-02-15 20:25:37.779 [main] ERROR main.Main - Unexpected error occurred
java.util.NoSuchElementException: null
	at java.base/java.util.Scanner.throwFor(Scanner.java:975)
	at java.base/java.util.Scanner.next(Scanner.java:1632)
	at java.base/java.util.Scanner.nextInt(Scanner.java:2297)
	at java.base/java.util.Scanner.nextInt(Scanner.java:2251)
	at scanner.CustomScanner.parseInt(CustomScanner.java:19)
	at main.Main.main(Main.java:34)
2026-02-15 20:25:37.781 [main] ERROR main.Main - Unexpected error occurred
java.util.NoSuchElementException: null
	at java.base/java.util.Scanner.throwFor(Scanner.java:975)
	at java.base/java.util.Scanner.next(Scanner.java:1632)
	at java.base/java.util.Scanner.nextInt(Scanner.java:2297)
	at java.base/java.util.Scanner.nextInt(Scanner.java:2251)
	at scanner.CustomScanner.parseInt(CustomScanner.java:19)
	at main.Main.main(Main.java:34)
2026-02-15 20:25:37.784 [main] ERROR main.Main - Unexpected error occurred
java.util.NoSuchElementException: null
	at java.base/java.util.Scanner.throwFor(Scanner.java:975)
	at java.base/java.util.Scanner.next(Scanner.java:1632)
	at java.base/java.util.Scanner.nextInt(Scanner.java:2297)
	at java.base/java.util.Scanner.nextInt(Scanner.java:2251)
	at scanner.CustomScanner.parseInt(CustomScanner.java:19)
	at main.Main.main(Main.java:34)
2026-02-15 20:25:37.786 [main] ERROR main.Main - Unexpected error occurred
java.util.NoSuchElementException: null
	at java.base/java.util.Scanner.throwFor(Scanner.java:975)
	at java.base/java.util.Scanner.next(Scanner.java:1632)
	at java.base/java.util.Scanner.nextInt(Scanner.java:2297)
	at java.base/java.util.Scanner.nextInt(Scanner.java:2251)
	at scanner.CustomScanner.parseInt(CustomScanner.java:19)
	at main.Main.main(Main.java:34)
2026-02-15 20:25:37.788 [main] ERROR main.Main - Unexpected error occurred
java.util.NoSuchElementException: null
	at java.base/java.util.Scanner.throwFor(Scanner.java:975)
	at java.base/java.util.Scanner.next(Scanner.java:1632)
	at java.base/java.util.Scanner.nextInt(Scanner.java:2297)
	at java.base/java.util.Scanner.nextInt(Scanner.java:2251)
	at scanner.CustomScanner.parseInt(CustomScanner.java:19)
	at main.Main.main(Main.java:34)
2026-02-15 20:25:37.790 [main] ERROR main.Main - Unexpected error occurred
java.util.NoSuchElementException: null
	at java.base/java.util.Scanner.throwFor(Scanner.java:975)
	at java.base/java.util.Scanner.next(Scanner.java:1632)
	at java.base/java.util.Scanner.nextInt(Scanner.java:2297)
	at java.base/java.util.Scanner.nextInt(Scanner.java:2251)
	at scanner.CustomScanner.parseInt(CustomScanner.java:19)
	at main.Main.main(Main.java:34)
2026-02-15 20:25:37.792 [main] ERROR main.Main - Unexpected error occurred
java.util.NoSuchElementException: null
	at java.base/java.util.Scanner.throwFor(Scanner.java:975)
	at java.base/java.util.Scanner.next(Scanner.java:1632)
	at java.base/java.util.Scanner.nextInt(Scanner.java:2297)
	at java.base/java.util.Scanner.nextInt(Scanner.java:2251)
	at scanner.CustomScanner.parseInt(CustomScanner.java:19)
	at main.Main.main(Main.java:34)
2026-02-15 20:25:37.794 [main] ERROR main.Main - Unexpected error occurred
java.util.NoSuchElementException: null
	at java.base/java.util.Scanner.throwFor(Scanner.java:975)
	at java.base/java.util.Scanner.next(Scanner.java:1632)
	at java.base/java.util.Scanner.nextInt(Scanner.java:2297)
	at java.base/java.util.Scanner.nextInt(Scanner.java:2251)
	at scanner.CustomScanner.parseInt(CustomScanner.java:19)
	at main.Main.main(Main.java:34)
2026-02-15 20:25:37.796 [main] ERROR main.Main - Unexpected error occurred
java.util.NoSuchElementException: null
	at java.base/java.util.Scanner.throwFor(Scanner.java:975)
	at java.base/java.util.Scanner.next(Scanner.java:1632)
	at java.base/java.util.Scanner.nextInt(Scanner.java:2297)
	at java.base/java.util.Scanner.nextInt(Scanner.java:2251)
	at scanner.CustomScanner.parseInt(CustomScanner.java:19)
	at main.Main.main(Main.java:34)
2026-02-15 20:25:37.798 [main] ERROR main.Main - Unexpected error occurred
java.util.NoSuchElementException: null
	at java.base/java.util.Scanner.throwFor(Scanner.java:975)
	at java.base/java.util.Scanner.next(Scanner.java:1632)
	at java.base/java.util.Scanner.nextInt(Scanner.java:2297)
	at java.base/java.util.Scanner.nextInt(Scanner.java:2251)
	at scanner.CustomScanner.parseInt(CustomScanner.java:19)
	at main.Main.main(Main.java:34)
2026-02-15 20:25:37.799 [main] ERROR main.Main - Unexpected error occurred
java.util.NoSuchElementException: null
	at java.base/java.util.Scanner.throwFor(Scanner.java:975)
	at java.base/java.util.Scanner.next(Scanner.java:1632)
	at java.base/java.util.Scanner.nextInt(Scanner.java:2297)
	at java.base/java.util.Scanner.nextInt(Scanner.java:2251)
	at scanner.CustomScanner.parseInt(CustomScanner.java:19)
	at main.Main.main(Main.java:34)
2026-02-15 20:25:37.801 [main] ERROR main.Main - Unexpected error occurred
java.util.NoSuchElementException: null
	at java.base/java.util.Scanner.throwFor(Scanner.java:975)
	at java.base/java.util.Scanner.next(Scanner.java:1632)
	at java.base/java.util.Scanner.nextInt(Scanner.java:2297)
	at java.base/java.util.Scanner.nextInt(Scanner.java:2251)
	at scanner.CustomScanner.parseInt(CustomScanner.java:19)
	at main.Main.main(Main.java:34)
2026-02-15 20:25:37.803 [main] ERROR main.Main - Unexpected error occurred
java.util.NoSuchElementException: null
	at java.base/java.util.Scanner.throwFor(Scanner.java:975)
	at java.base/java.util.Scanner.next(Scanner.java:1632)
	at java.base/java.util.Scanner.nextInt(Scanner.java:2297)
	at java.base/java.util.Scanner.nextInt(Scanner.java:2251)
	at scanner.CustomScanner.parseInt(CustomScanner.java:19)
	at main.Main.main(Main.java:34)
2026-02-15 20:25:37.804 [main] ERROR main.Main - Unexpected error occurred
java.util.NoSuchElementException: null
	at java.base/java.util.Scanner.throwFor(Scanner.java:975)
	at java.base/java.util.Scanner.next(Scanner.java:1632)
	at java.base/java.util.Scanner.nextInt(Scanner.java:2297)
	at java.base/java.util.Scanner.nextInt(Scanner.java:2251)
	at scanner.CustomScanner.parseInt(CustomScanner.java:19)
	at main.Main.main(Main.java:34)
2026-02-15 20:25:37.806 [main] ERROR main.Main - Unexpected error occurred
java.util.NoSuchElementException: null
	at java.base/java.util.Scanner.throwFor(Scanner.java:975)
	at java.base/java.util.Scanner.next(Scanner.java:1632)
	at java.base/java.util.Scanner.nextInt(Scanner.java:2297)
	at java.base/java.util.Scanner.nextInt(Scanner.java:2251)
	at scanner.CustomScanner.parseInt(CustomScanner.java:19)
	at main.Main.main(Main.java:34)
2026-02-15 20:25:37.808 [main] ERROR main.Main - Unexpected error occurred
java.util.NoSuchElementException: null
	at java.base/java.util.Scanner.throwFor(Scanner.java:975)
	at java.base/java.util.Scanner.next(Scanner.java:1632)
	at java.base/java.util.Scanner.nextInt(Scanner.java:2297)
	at java.base/java.util.Scanner.nextInt(Scanner.java:2251)
	at scanner.CustomScanner.parseInt(CustomScanner.java:19)
	at main.Main.main(Main.java:34)
2026-02-15 20:25:37.810 [main] ERROR main.Main - Unexpected error occurred
java.util.NoSuchElementException: null
	at java.base/java.util.Scanner.throwFor(Scanner.java:975)
	at java.base/java.util.Scanner.next(Scanner.java:1632)
	at java.base/java.util.Scanner.nextInt(Scanner.java:2297)
	at java.base/java.util.Scanner.nextInt(Scanner.java:2251)
	at scanner.CustomScanner.parseInt(CustomScanner.java:19)
	at main.Main.main(Main.java:34)
2026-02-15 20:32:57.996 [main] INFO  main.Main - ================================================================================
2026-02-15 20:32:57.998 [main] INFO  main.Main - APPLICATION STARTED at 2026-02-15T20:32:57.998111687
2026-02-15 20:32:57.998 [main] INFO  main.Main - ================================================================================
2026-02-15 20:33:17.391 [main] INFO  core.BooleanSearchEngine - Rebuilding derived indexes from PositionalIndex
2026-02-15 20:33:21.760 [main] INFO  core.BooleanSearchEngine - Rebuilt: InvertedIndex=37208, BiwordIndex=403908, Matrix=37208
2026-02-15 20:33:21.760 [main] INFO  core.BooleanSearchEngine - Index loaded from test1.txt (format: txt, docs: 20, terms: 37208, next ID: 21)
2026-02-15 20:33:21.760 [main] INFO  menu.MenuController - Index was loaded from test1.txt.txt%n
2026-02-15 20:33:21.760 [main] INFO  core.BooleanSearchEngine - Building wildcard indexes
2026-02-15 20:33:21.866 [main] INFO  index.ThreeGramIndex - Built 3-gram index: 37208 unique terms, 8793 n-grams
2026-02-15 20:33:21.866 [main] INFO  core.BooleanSearchEngine - Wildcard indexes built: BTree=37208, ReverseBTree=37208, ThreeGram=37208
2026-02-15 20:33:49.749 [main] INFO  main.Main - ================================================================================
2026-02-15 20:33:49.750 [main] INFO  main.Main - APPLICATION FINISHED at 2026-02-15T20:33:49.750282622
2026-02-15 20:33:49.750 [main] INFO  main.Main - ================================================================================
2026-02-15 20:34:09.987 [main] INFO  main.Main - ================================================================================
2026-02-15 20:34:09.990 [main] INFO  main.Main - APPLICATION STARTED at 2026-02-15T20:34:09.990129484
2026-02-15 20:34:09.991 [main] INFO  main.Main - ================================================================================
2026-02-15 20:34:25.882 [main] INFO  core.BooleanSearchEngine - Rebuilding derived indexes from PositionalIndex
2026-02-15 20:34:30.269 [main] INFO  core.BooleanSearchEngine - Rebuilt: InvertedIndex=37208, BiwordIndex=403908, Matrix=37208
2026-02-15 20:34:30.270 [main] INFO  core.BooleanSearchEngine - Index loaded from test1.txt (format: txt, docs: 20, terms: 37208, next ID: 21)
2026-02-15 20:34:30.270 [main] INFO  menu.MenuController - Index was loaded from test1.txt.txt%n
2026-02-15 20:34:30.270 [main] INFO  core.BooleanSearchEngine - Building wildcard indexes
2026-02-15 20:34:30.373 [main] INFO  index.ThreeGramIndex - Built 3-gram index: 37208 unique terms, 8793 n-grams
2026-02-15 20:34:30.374 [main] INFO  core.BooleanSearchEngine - Wildcard indexes built: BTree=37208, ReverseBTree=37208, ThreeGram=37208
2026-02-15 20:35:00.793 [main] ERROR main.Main - Unexpected error occurred
java.util.NoSuchElementException: null
	at java.base/java.util.Scanner.throwFor(Scanner.java:975)
	at java.base/java.util.Scanner.next(Scanner.java:1632)
	at java.base/java.util.Scanner.nextInt(Scanner.java:2297)
	at java.base/java.util.Scanner.nextInt(Scanner.java:2251)
	at scanner.CustomScanner.parseInt(CustomScanner.java:19)
	at main.Main.main(Main.java:34)
2026-02-15 20:35:00.800 [main] ERROR main.Main - Unexpected error occurred
java.util.NoSuchElementException: null
	at java.base/java.util.Scanner.throwFor(Scanner.java:975)
	at java.base/java.util.Scanner.next(Scanner.java:1632)
	at java.base/java.util.Scanner.nextInt(Scanner.java:2297)
	at java.base/java.util.Scanner.nextInt(Scanner.java:2251)
	at scanner.CustomScanner.parseInt(CustomScanner.java:19)
	at main.Main.main(Main.java:34)
2026-02-15 20:35:00.805 [main] ERROR main.Main - Unexpected error occurred
java.util.NoSuchElementException: null
	at java.base/java.util.Scanner.throwFor(Scanner.java:975)
	at java.base/java.util.Scanner.next(Scanner.java:1632)
	at java.base/java.util.Scanner.nextInt(Scanner.java:2297)
	at java.base/java.util.Scanner.nextInt(Scanner.java:2251)
	at scanner.CustomScanner.parseInt(CustomScanner.java:19)
	at main.Main.main(Main.java:34)
2026-02-15 20:35:00.808 [main] ERROR main.Main - Unexpected error occurred
java.util.NoSuchElementException: null
	at java.base/java.util.Scanner.throwFor(Scanner.java:975)
	at java.base/java.util.Scanner.next(Scanner.java:1632)
	at java.base/java.util.Scanner.nextInt(Scanner.java:2297)
	at java.base/java.util.Scanner.nextInt(Scanner.java:2251)
	at scanner.CustomScanner.parseInt(CustomScanner.java:19)
	at main.Main.main(Main.java:34)
2026-02-15 20:35:00.811 [main] ERROR main.Main - Unexpected error occurred
java.util.NoSuchElementException: null
	at java.base/java.util.Scanner.throwFor(Scanner.java:975)
	at java.base/java.util.Scanner.next(Scanner.java:1632)
	at java.base/java.util.Scanner.nextInt(Scanner.java:2297)
	at java.base/java.util.Scanner.nextInt(Scanner.java:2251)
	at scanner.CustomScanner.parseInt(CustomScanner.java:19)
	at main.Main.main(Main.java:34)
2026-02-15 20:35:00.815 [main] ERROR main.Main - Unexpected error occurred
java.util.NoSuchElementException: null
	at java.base/java.util.Scanner.throwFor(Scanner.java:975)
	at java.base/java.util.Scanner.next(Scanner.java:1632)
	at java.base/java.util.Scanner.nextInt(Scanner.java:2297)
	at java.base/java.util.Scanner.nextInt(Scanner.java:2251)
	at scanner.CustomScanner.parseInt(CustomScanner.java:19)
	at main.Main.main(Main.java:34)
2026-02-15 20:35:00.818 [main] ERROR main.Main - Unexpected error occurred
java.util.NoSuchElementException: null
	at java.base/java.util.Scanner.throwFor(Scanner.java:975)
	at java.base/java.util.Scanner.next(Scanner.java:1632)
	at java.base/java.util.Scanner.nextInt(Scanner.java:2297)
	at java.base/java.util.Scanner.nextInt(Scanner.java:2251)
	at scanner.CustomScanner.parseInt(CustomScanner.java:19)
	at main.Main.main(Main.java:34)
2026-02-15 20:35:00.822 [main] ERROR main.Main - Unexpected error occurred
java.util.NoSuchElementException: null
	at java.base/java.util.Scanner.throwFor(Scanner.java:975)
	at java.base/java.util.Scanner.next(Scanner.java:1632)
	at java.base/java.util.Scanner.nextInt(Scanner.java:2297)
	at java.base/java.util.Scanner.nextInt(Scanner.java:2251)
	at scanner.CustomScanner.parseInt(CustomScanner.java:19)
	at main.Main.main(Main.java:34)
2026-02-15 20:35:15.353 [main] INFO  main.Main - ================================================================================
2026-02-15 20:35:15.356 [main] INFO  main.Main - APPLICATION STARTED at 2026-02-15T20:35:15.356905249
2026-02-15 20:35:15.358 [main] INFO  main.Main - ================================================================================
2026-02-15 20:35:16.585 [main] ERROR main.Main - Unexpected error occurred
java.util.NoSuchElementException: null
	at java.base/java.util.Scanner.throwFor(Scanner.java:975)
	at java.base/java.util.Scanner.next(Scanner.java:1632)
	at java.base/java.util.Scanner.nextInt(Scanner.java:2297)
	at java.base/java.util.Scanner.nextInt(Scanner.java:2251)
	at scanner.CustomScanner.parseInt(CustomScanner.java:19)
	at main.Main.main(Main.java:34)
2026-02-15 20:35:16.594 [main] ERROR main.Main - Unexpected error occurred
java.util.NoSuchElementException: null
	at java.base/java.util.Scanner.throwFor(Scanner.java:975)
	at java.base/java.util.Scanner.next(Scanner.java:1632)
	at java.base/java.util.Scanner.nextInt(Scanner.java:2297)
	at java.base/java.util.Scanner.nextInt(Scanner.java:2251)
	at scanner.CustomScanner.parseInt(CustomScanner.java:19)
	at main.Main.main(Main.java:34)
2026-02-15 20:35:16.601 [main] ERROR main.Main - Unexpected error occurred
java.util.NoSuchElementException: null
	at java.base/java.util.Scanner.throwFor(Scanner.java:975)
	at java.base/java.util.Scanner.next(Scanner.java:1632)
	at java.base/java.util.Scanner.nextInt(Scanner.java:2297)
	at java.base/java.util.Scanner.nextInt(Scanner.java:2251)
	at scanner.CustomScanner.parseInt(CustomScanner.java:19)
	at main.Main.main(Main.java:34)
2026-02-15 20:35:16.607 [main] ERROR main.Main - Unexpected error occurred
java.util.NoSuchElementException: null
	at java.base/java.util.Scanner.throwFor(Scanner.java:975)
	at java.base/java.util.Scanner.next(Scanner.java:1632)
	at java.base/java.util.Scanner.nextInt(Scanner.java:2297)
	at java.base/java.util.Scanner.nextInt(Scanner.java:2251)
	at scanner.CustomScanner.parseInt(CustomScanner.java:19)
	at main.Main.main(Main.java:34)
2026-02-15 20:46:07.300 [main] INFO  main.Main - ================================================================================
2026-02-15 20:46:07.301 [main] INFO  main.Main - APPLICATION STARTED at 2026-02-15T20:46:07.301590382
2026-02-15 20:46:07.302 [main] INFO  main.Main - ================================================================================
2026-02-15 20:46:19.213 [main] INFO  core.BooleanSearchEngine - Rebuilding derived indexes from PositionalIndex
2026-02-15 20:46:23.751 [main] INFO  core.BooleanSearchEngine - Rebuilt: InvertedIndex=37208, BiwordIndex=403908, Matrix=37208
2026-02-15 20:46:23.751 [main] INFO  core.BooleanSearchEngine - Index loaded from test1.txt (format: txt, docs: 20, terms: 37208, next ID: 21)
2026-02-15 20:46:23.751 [main] INFO  menu.MenuController - Index was loaded from test1.txt.txt%n
2026-02-15 20:46:23.752 [main] INFO  core.BooleanSearchEngine - Building wildcard indexes
2026-02-15 20:46:23.857 [main] INFO  index.ThreeGramIndex - Built 3-gram index: 37208 unique terms, 8793 n-grams
2026-02-15 20:46:23.858 [main] INFO  core.BooleanSearchEngine - Wildcard indexes built: BTree=37208, ReverseBTree=37208, ThreeGram=37208
2026-02-15 20:46:44.691 [main] ERROR main.Main - Unexpected error occurred
java.util.NoSuchElementException: null
	at java.base/java.util.Scanner.throwFor(Scanner.java:975)
	at java.base/java.util.Scanner.next(Scanner.java:1632)
	at java.base/java.util.Scanner.nextInt(Scanner.java:2297)
	at java.base/java.util.Scanner.nextInt(Scanner.java:2251)
	at scanner.CustomScanner.parseInt(CustomScanner.java:19)
	at main.Main.main(Main.java:34)
2026-02-15 20:46:44.697 [main] ERROR main.Main - Unexpected error occurred
java.util.NoSuchElementException: null
	at java.base/java.util.Scanner.throwFor(Scanner.java:975)
	at java.base/java.util.Scanner.next(Scanner.java:1632)
	at java.base/java.util.Scanner.nextInt(Scanner.java:2297)
	at java.base/java.util.Scanner.nextInt(Scanner.java:2251)
	at scanner.CustomScanner.parseInt(CustomScanner.java:19)
	at main.Main.main(Main.java:34)
2026-02-15 20:46:44.701 [main] ERROR main.Main - Unexpected error occurred
java.util.NoSuchElementException: null
	at java.base/java.util.Scanner.throwFor(Scanner.java:975)
	at java.base/java.util.Scanner.next(Scanner.java:1632)
	at java.base/java.util.Scanner.nextInt(Scanner.java:2297)
	at java.base/java.util.Scanner.nextInt(Scanner.java:2251)
	at scanner.CustomScanner.parseInt(CustomScanner.java:19)
	at main.Main.main(Main.java:34)
2026-02-15 20:46:44.704 [main] ERROR main.Main - Unexpected error occurred
java.util.NoSuchElementException: null
	at java.base/java.util.Scanner.throwFor(Scanner.java:975)
	at java.base/java.util.Scanner.next(Scanner.java:1632)
	at java.base/java.util.Scanner.nextInt(Scanner.java:2297)
	at java.base/java.util.Scanner.nextInt(Scanner.java:2251)
	at scanner.CustomScanner.parseInt(CustomScanner.java:19)
	at main.Main.main(Main.java:34)
2026-02-15 20:46:44.708 [main] ERROR main.Main - Unexpected error occurred
java.util.NoSuchElementException: null
	at java.base/java.util.Scanner.throwFor(Scanner.java:975)
	at java.base/java.util.Scanner.next(Scanner.java:1632)
	at java.base/java.util.Scanner.nextInt(Scanner.java:2297)
	at java.base/java.util.Scanner.nextInt(Scanner.java:2251)
	at scanner.CustomScanner.parseInt(CustomScanner.java:19)
	at main.Main.main(Main.java:34)
2026-02-15 20:46:44.711 [main] ERROR main.Main - Unexpected error occurred
java.util.NoSuchElementException: null
	at java.base/java.util.Scanner.throwFor(Scanner.java:975)
	at java.base/java.util.Scanner.next(Scanner.java:1632)
	at java.base/java.util.Scanner.nextInt(Scanner.java:2297)
	at java.base/java.util.Scanner.nextInt(Scanner.java:2251)
	at scanner.CustomScanner.parseInt(CustomScanner.java:19)
	at main.Main.main(Main.java:34)
2026-02-15 20:46:44.715 [main] ERROR main.Main - Unexpected error occurred
java.util.NoSuchElementException: null
	at java.base/java.util.Scanner.throwFor(Scanner.java:975)
	at java.base/java.util.Scanner.next(Scanner.java:1632)
	at java.base/java.util.Scanner.nextInt(Scanner.java:2297)
	at java.base/java.util.Scanner.nextInt(Scanner.java:2251)
	at scanner.CustomScanner.parseInt(CustomScanner.java:19)
	at main.Main.main(Main.java:34)
2026-02-15 20:46:44.718 [main] ERROR main.Main - Unexpected error occurred
java.util.NoSuchElementException: null
	at java.base/java.util.Scanner.throwFor(Scanner.java:975)
	at java.base/java.util.Scanner.next(Scanner.java:1632)
	at java.base/java.util.Scanner.nextInt(Scanner.java:2297)
	at java.base/java.util.Scanner.nextInt(Scanner.java:2251)
	at scanner.CustomScanner.parseInt(CustomScanner.java:19)
	at main.Main.main(Main.java:34)
2026-02-15 20:46:44.721 [main] ERROR main.Main - Unexpected error occurred
java.util.NoSuchElementException: null
	at java.base/java.util.Scanner.throwFor(Scanner.java:975)
	at java.base/java.util.Scanner.next(Scanner.java:1632)
	at java.base/java.util.Scanner.nextInt(Scanner.java:2297)
	at java.base/java.util.Scanner.nextInt(Scanner.java:2251)
	at scanner.CustomScanner.parseInt(CustomScanner.java:19)
	at main.Main.main(Main.java:34)
2026-02-15 20:46:44.725 [main] ERROR main.Main - Unexpected error occurred
java.util.NoSuchElementException: null
	at java.base/java.util.Scanner.throwFor(Scanner.java:975)
	at java.base/java.util.Scanner.next(Scanner.java:1632)
	at java.base/java.util.Scanner.nextInt(Scanner.java:2297)
	at java.base/java.util.Scanner.nextInt(Scanner.java:2251)
	at scanner.CustomScanner.parseInt(CustomScanner.java:19)
	at main.Main.main(Main.java:34)
2026-02-15 20:48:07.517 [main] INFO  main.Main - ================================================================================
2026-02-15 20:48:07.520 [main] INFO  main.Main - APPLICATION STARTED at 2026-02-15T20:48:07.519989960
2026-02-15 20:48:07.520 [main] INFO  main.Main - ================================================================================
2026-02-15 20:48:28.530 [main] ERROR main.Main - Unexpected error occurred
java.util.NoSuchElementException: null
	at java.base/java.util.Scanner.throwFor(Scanner.java:975)
	at java.base/java.util.Scanner.next(Scanner.java:1632)
	at java.base/java.util.Scanner.nextInt(Scanner.java:2297)
	at java.base/java.util.Scanner.nextInt(Scanner.java:2251)
	at scanner.CustomScanner.parseInt(CustomScanner.java:19)
	at main.Main.main(Main.java:34)
2026-02-15 20:48:28.541 [main] ERROR main.Main - Unexpected error occurred
java.util.NoSuchElementException: null
	at java.base/java.util.Scanner.throwFor(Scanner.java:975)
	at java.base/java.util.Scanner.next(Scanner.java:1632)
	at java.base/java.util.Scanner.nextInt(Scanner.java:2297)
	at java.base/java.util.Scanner.nextInt(Scanner.java:2251)
	at scanner.CustomScanner.parseInt(CustomScanner.java:19)
	at main.Main.main(Main.java:34)
2026-02-15 20:48:28.547 [main] ERROR main.Main - Unexpected error occurred
java.util.NoSuchElementException: null
	at java.base/java.util.Scanner.throwFor(Scanner.java:975)
	at java.base/java.util.Scanner.next(Scanner.java:1632)
	at java.base/java.util.Scanner.nextInt(Scanner.java:2297)
	at java.base/java.util.Scanner.nextInt(Scanner.java:2251)
	at scanner.CustomScanner.parseInt(CustomScanner.java:19)
	at main.Main.main(Main.java:34)
2026-02-15 20:48:28.552 [main] ERROR main.Main - Unexpected error occurred
java.util.NoSuchElementException: null
	at java.base/java.util.Scanner.throwFor(Scanner.java:975)
	at java.base/java.util.Scanner.next(Scanner.java:1632)
	at java.base/java.util.Scanner.nextInt(Scanner.java:2297)
	at java.base/java.util.Scanner.nextInt(Scanner.java:2251)
	at scanner.CustomScanner.parseInt(CustomScanner.java:19)
	at main.Main.main(Main.java:34)
2026-02-15 20:48:28.556 [main] ERROR main.Main - Unexpected error occurred
java.util.NoSuchElementException: null
	at java.base/java.util.Scanner.throwFor(Scanner.java:975)
	at java.base/java.util.Scanner.next(Scanner.java:1632)
	at java.base/java.util.Scanner.nextInt(Scanner.java:2297)
	at java.base/java.util.Scanner.nextInt(Scanner.java:2251)
	at scanner.CustomScanner.parseInt(CustomScanner.java:19)
	at main.Main.main(Main.java:34)
2026-02-15 20:50:46.682 [main] INFO  main.Main - ================================================================================
2026-02-15 20:50:46.684 [main] INFO  main.Main - APPLICATION STARTED at 2026-02-15T20:50:46.684340629
2026-02-15 20:50:46.684 [main] INFO  main.Main - ================================================================================
2026-02-15 20:50:50.688 [main] ERROR main.Main - Unexpected error occurred
java.util.NoSuchElementException: null
	at java.base/java.util.Scanner.throwFor(Scanner.java:975)
	at java.base/java.util.Scanner.next(Scanner.java:1632)
	at java.base/java.util.Scanner.nextInt(Scanner.java:2297)
	at java.base/java.util.Scanner.nextInt(Scanner.java:2251)
	at scanner.CustomScanner.parseInt(CustomScanner.java:19)
	at main.Main.main(Main.java:34)
2026-02-15 20:50:50.702 [main] ERROR main.Main - Unexpected error occurred
java.util.NoSuchElementException: null
	at java.base/java.util.Scanner.throwFor(Scanner.java:975)
	at java.base/java.util.Scanner.next(Scanner.java:1632)
	at java.base/java.util.Scanner.nextInt(Scanner.java:2297)
	at java.base/java.util.Scanner.nextInt(Scanner.java:2251)
	at scanner.CustomScanner.parseInt(CustomScanner.java:19)
	at main.Main.main(Main.java:34)
2026-02-15 20:50:50.708 [main] ERROR main.Main - Unexpected error occurred
java.util.NoSuchElementException: null
	at java.base/java.util.Scanner.throwFor(Scanner.java:975)
	at java.base/java.util.Scanner.next(Scanner.java:1632)
	at java.base/java.util.Scanner.nextInt(Scanner.java:2297)
	at java.base/java.util.Scanner.nextInt(Scanner.java:2251)
	at scanner.CustomScanner.parseInt(CustomScanner.java:19)
	at main.Main.main(Main.java:34)
2026-02-15 20:50:50.713 [main] ERROR main.Main - Unexpected error occurred
java.util.NoSuchElementException: null
	at java.base/java.util.Scanner.throwFor(Scanner.java:975)
	at java.base/java.util.Scanner.next(Scanner.java:1632)
	at java.base/java.util.Scanner.nextInt(Scanner.java:2297)
	at java.base/java.util.Scanner.nextInt(Scanner.java:2251)
	at scanner.CustomScanner.parseInt(CustomScanner.java:19)
	at main.Main.main(Main.java:34)
2026-02-15 20:50:50.717 [main] ERROR main.Main - Unexpected error occurred
java.util.NoSuchElementException: null
	at java.base/java.util.Scanner.throwFor(Scanner.java:975)
	at java.base/java.util.Scanner.next(Scanner.java:1632)
	at java.base/java.util.Scanner.nextInt(Scanner.java:2297)
	at java.base/java.util.Scanner.nextInt(Scanner.java:2251)
	at scanner.CustomScanner.parseInt(CustomScanner.java:19)
	at main.Main.main(Main.java:34)
2026-02-15 20:50:50.721 [main] ERROR main.Main - Unexpected error occurred
java.util.NoSuchElementException: null
	at java.base/java.util.Scanner.throwFor(Scanner.java:975)
	at java.base/java.util.Scanner.next(Scanner.java:1632)
	at java.base/java.util.Scanner.nextInt(Scanner.java:2297)
	at java.base/java.util.Scanner.nextInt(Scanner.java:2251)
	at scanner.CustomScanner.parseInt(CustomScanner.java:19)
	at main.Main.main(Main.java:34)
2026-02-15 20:50:50.726 [main] ERROR main.Main - Unexpected error occurred
java.util.NoSuchElementException: null
	at java.base/java.util.Scanner.throwFor(Scanner.java:975)
	at java.base/java.util.Scanner.next(Scanner.java:1632)
	at java.base/java.util.Scanner.nextInt(Scanner.java:2297)
	at java.base/java.util.Scanner.nextInt(Scanner.java:2251)
	at scanner.CustomScanner.parseInt(CustomScanner.java:19)
	at main.Main.main(Main.java:34)
2026-02-15 20:53:43.824 [main] INFO  main.Main - ================================================================================
2026-02-15 20:53:43.827 [main] INFO  main.Main - APPLICATION STARTED at 2026-02-15T20:53:43.827188408
2026-02-15 20:53:43.828 [main] INFO  main.Main - ================================================================================
2026-02-15 20:53:54.676 [main] INFO  core.BooleanSearchEngine - Rebuilding derived indexes from PositionalIndex
2026-02-15 20:53:59.026 [main] INFO  core.BooleanSearchEngine - Rebuilt: InvertedIndex=37208, BiwordIndex=403908, Matrix=37208
2026-02-15 20:53:59.026 [main] INFO  core.BooleanSearchEngine - Index loaded from test1.txt (format: txt, docs: 20, terms: 37208, next ID: 21)
2026-02-15 20:53:59.026 [main] INFO  menu.MenuController - Index was loaded from test1.txt.txt%n
2026-02-15 20:53:59.026 [main] INFO  core.BooleanSearchEngine - Building wildcard indexes
2026-02-15 20:53:59.145 [main] INFO  index.ThreeGramIndex - Built 3-gram index: 37208 unique terms, 8793 n-grams
2026-02-15 20:53:59.145 [main] INFO  core.BooleanSearchEngine - Wildcard indexes built: BTree=37208, ReverseBTree=37208, ThreeGram=37208
2026-02-15 20:54:49.081 [main] ERROR main.Main - Unexpected error occurred
java.util.NoSuchElementException: null
	at java.base/java.util.Scanner.throwFor(Scanner.java:975)
	at java.base/java.util.Scanner.next(Scanner.java:1632)
	at java.base/java.util.Scanner.nextInt(Scanner.java:2297)
	at java.base/java.util.Scanner.nextInt(Scanner.java:2251)
	at scanner.CustomScanner.parseInt(CustomScanner.java:19)
	at main.Main.main(Main.java:34)
2026-02-15 20:54:49.085 [main] ERROR main.Main - Unexpected error occurred
java.util.NoSuchElementException: null
	at java.base/java.util.Scanner.throwFor(Scanner.java:975)
	at java.base/java.util.Scanner.next(Scanner.java:1632)
	at java.base/java.util.Scanner.nextInt(Scanner.java:2297)
	at java.base/java.util.Scanner.nextInt(Scanner.java:2251)
	at scanner.CustomScanner.parseInt(CustomScanner.java:19)
	at main.Main.main(Main.java:34)
2026-02-15 20:54:49.088 [main] ERROR main.Main - Unexpected error occurred
java.util.NoSuchElementException: null
	at java.base/java.util.Scanner.throwFor(Scanner.java:975)
	at java.base/java.util.Scanner.next(Scanner.java:1632)
	at java.base/java.util.Scanner.nextInt(Scanner.java:2297)
	at java.base/java.util.Scanner.nextInt(Scanner.java:2251)
	at scanner.CustomScanner.parseInt(CustomScanner.java:19)
	at main.Main.main(Main.java:34)
2026-02-15 20:54:49.089 [main] ERROR main.Main - Unexpected error occurred
java.util.NoSuchElementException: null
	at java.base/java.util.Scanner.throwFor(Scanner.java:975)
	at java.base/java.util.Scanner.next(Scanner.java:1632)
	at java.base/java.util.Scanner.nextInt(Scanner.java:2297)
	at java.base/java.util.Scanner.nextInt(Scanner.java:2251)
	at scanner.CustomScanner.parseInt(CustomScanner.java:19)
	at main.Main.main(Main.java:34)
2026-02-15 20:54:49.091 [main] ERROR main.Main - Unexpected error occurred
java.util.NoSuchElementException: null
	at java.base/java.util.Scanner.throwFor(Scanner.java:975)
	at java.base/java.util.Scanner.next(Scanner.java:1632)
	at java.base/java.util.Scanner.nextInt(Scanner.java:2297)
	at java.base/java.util.Scanner.nextInt(Scanner.java:2251)
	at scanner.CustomScanner.parseInt(CustomScanner.java:19)
	at main.Main.main(Main.java:34)
2026-02-15 20:54:49.094 [main] ERROR main.Main - Unexpected error occurred
java.util.NoSuchElementException: null
	at java.base/java.util.Scanner.throwFor(Scanner.java:975)
	at java.base/java.util.Scanner.next(Scanner.java:1632)
	at java.base/java.util.Scanner.nextInt(Scanner.java:2297)
	at java.base/java.util.Scanner.nextInt(Scanner.java:2251)
	at scanner.CustomScanner.parseInt(CustomScanner.java:19)
	at main.Main.main(Main.java:34)
2026-02-15 20:54:49.095 [main] ERROR main.Main - Unexpected error occurred
java.util.NoSuchElementException: null
	at java.base/java.util.Scanner.throwFor(Scanner.java:975)
	at java.base/java.util.Scanner.next(Scanner.java:1632)
	at java.base/java.util.Scanner.nextInt(Scanner.java:2297)
	at java.base/java.util.Scanner.nextInt(Scanner.java:2251)
	at scanner.CustomScanner.parseInt(CustomScanner.java:19)
	at main.Main.main(Main.java:34)
2026-02-15 20:56:40.517 [main] INFO  main.Main - ================================================================================
2026-02-15 20:56:40.519 [main] INFO  main.Main - APPLICATION STARTED at 2026-02-15T20:56:40.519148245
2026-02-15 20:56:40.519 [main] INFO  main.Main - ================================================================================
2026-02-15 20:56:51.957 [main] INFO  core.BooleanSearchEngine - Rebuilding derived indexes from PositionalIndex
2026-02-15 20:56:56.305 [main] INFO  core.BooleanSearchEngine - Rebuilt: InvertedIndex=37208, BiwordIndex=403908, Matrix=37208
2026-02-15 20:56:56.305 [main] INFO  core.BooleanSearchEngine - Index loaded from test1.txt (format: txt, docs: 20, terms: 37208, next ID: 21)
2026-02-15 20:56:56.306 [main] INFO  menu.MenuController - Index was loaded from test1.txt.txt%n
2026-02-15 20:56:56.306 [main] INFO  core.BooleanSearchEngine - Building wildcard indexes
2026-02-15 20:56:56.435 [main] INFO  index.ThreeGramIndex - Built 3-gram index: 37208 unique terms, 8793 n-grams
2026-02-15 20:56:56.435 [main] INFO  core.BooleanSearchEngine - Wildcard indexes built: BTree=37208, ReverseBTree=37208, ThreeGram=37208
2026-02-15 20:57:56.707 [main] ERROR main.Main - Unexpected error occurred
java.util.NoSuchElementException: null
	at java.base/java.util.Scanner.throwFor(Scanner.java:975)
	at java.base/java.util.Scanner.next(Scanner.java:1632)
	at java.base/java.util.Scanner.nextInt(Scanner.java:2297)
	at java.base/java.util.Scanner.nextInt(Scanner.java:2251)
	at scanner.CustomScanner.parseInt(CustomScanner.java:19)
	at main.Main.main(Main.java:34)
2026-02-15 20:57:56.711 [main] ERROR main.Main - Unexpected error occurred
java.util.NoSuchElementException: null
	at java.base/java.util.Scanner.throwFor(Scanner.java:975)
	at java.base/java.util.Scanner.next(Scanner.java:1632)
	at java.base/java.util.Scanner.nextInt(Scanner.java:2297)
	at java.base/java.util.Scanner.nextInt(Scanner.java:2251)
	at scanner.CustomScanner.parseInt(CustomScanner.java:19)
	at main.Main.main(Main.java:34)
2026-02-15 20:57:56.713 [main] ERROR main.Main - Unexpected error occurred
java.util.NoSuchElementException: null
	at java.base/java.util.Scanner.throwFor(Scanner.java:975)
	at java.base/java.util.Scanner.next(Scanner.java:1632)
	at java.base/java.util.Scanner.nextInt(Scanner.java:2297)
	at java.base/java.util.Scanner.nextInt(Scanner.java:2251)
	at scanner.CustomScanner.parseInt(CustomScanner.java:19)
	at main.Main.main(Main.java:34)
2026-02-15 20:57:56.715 [main] ERROR main.Main - Unexpected error occurred
java.util.NoSuchElementException: null
	at java.base/java.util.Scanner.throwFor(Scanner.java:975)
	at java.base/java.util.Scanner.next(Scanner.java:1632)
	at java.base/java.util.Scanner.nextInt(Scanner.java:2297)
	at java.base/java.util.Scanner.nextInt(Scanner.java:2251)
	at scanner.CustomScanner.parseInt(CustomScanner.java:19)
	at main.Main.main(Main.java:34)
2026-02-15 20:57:56.717 [main] ERROR main.Main - Unexpected error occurred
java.util.NoSuchElementException: null
	at java.base/java.util.Scanner.throwFor(Scanner.java:975)
	at java.base/java.util.Scanner.next(Scanner.java:1632)
	at java.base/java.util.Scanner.nextInt(Scanner.java:2297)
	at java.base/java.util.Scanner.nextInt(Scanner.java:2251)
	at scanner.CustomScanner.parseInt(CustomScanner.java:19)
	at main.Main.main(Main.java:34)
2026-02-15 20:57:56.719 [main] ERROR main.Main - Unexpected error occurred
java.util.NoSuchElementException: null
	at java.base/java.util.Scanner.throwFor(Scanner.java:975)
	at java.base/java.util.Scanner.next(Scanner.java:1632)
	at java.base/java.util.Scanner.nextInt(Scanner.java:2297)
	at java.base/java.util.Scanner.nextInt(Scanner.java:2251)
	at scanner.CustomScanner.parseInt(CustomScanner.java:19)
	at main.Main.main(Main.java:34)
2026-02-15 20:57:56.721 [main] ERROR main.Main - Unexpected error occurred
java.util.NoSuchElementException: null
	at java.base/java.util.Scanner.throwFor(Scanner.java:975)
	at java.base/java.util.Scanner.next(Scanner.java:1632)
	at java.base/java.util.Scanner.nextInt(Scanner.java:2297)
	at java.base/java.util.Scanner.nextInt(Scanner.java:2251)
	at scanner.CustomScanner.parseInt(CustomScanner.java:19)
	at main.Main.main(Main.java:34)
2026-02-15 20:57:56.722 [main] ERROR main.Main - Unexpected error occurred
java.util.NoSuchElementException: null
	at java.base/java.util.Scanner.throwFor(Scanner.java:975)
	at java.base/java.util.Scanner.next(Scanner.java:1632)
	at java.base/java.util.Scanner.nextInt(Scanner.java:2297)
	at java.base/java.util.Scanner.nextInt(Scanner.java:2251)
	at scanner.CustomScanner.parseInt(CustomScanner.java:19)
	at main.Main.main(Main.java:34)
2026-02-15 20:59:17.736 [main] INFO  main.Main - ================================================================================
2026-02-15 20:59:17.738 [main] INFO  main.Main - APPLICATION STARTED at 2026-02-15T20:59:17.738118424
2026-02-15 20:59:17.739 [main] INFO  main.Main - ================================================================================
2026-02-15 20:59:28.522 [main] INFO  core.BooleanSearchEngine - Rebuilding derived indexes from PositionalIndex
2026-02-15 20:59:32.849 [main] INFO  core.BooleanSearchEngine - Rebuilt: InvertedIndex=37208, BiwordIndex=403908, Matrix=37208
2026-02-15 20:59:32.850 [main] INFO  core.BooleanSearchEngine - Index loaded from test1.txt (format: txt, docs: 20, terms: 37208, next ID: 21)
2026-02-15 20:59:32.850 [main] INFO  menu.MenuController - Index was loaded from test1.txt.txt%n
2026-02-15 20:59:32.850 [main] INFO  core.BooleanSearchEngine - Building wildcard indexes
2026-02-15 20:59:32.972 [main] INFO  index.ThreeGramIndex - Built 3-gram index: 37208 unique terms, 8793 n-grams
2026-02-15 20:59:32.973 [main] INFO  core.BooleanSearchEngine - Wildcard indexes built: BTree=37208, ReverseBTree=37208, ThreeGram=37208
2026-02-15 20:59:49.879 [main] INFO  main.Main - ================================================================================
2026-02-15 20:59:49.880 [main] INFO  main.Main - APPLICATION FINISHED at 2026-02-15T20:59:49.880565620
2026-02-15 20:59:49.881 [main] INFO  main.Main - ================================================================================
2026-02-15 21:02:10.012 [main] INFO  main.Main - ================================================================================
2026-02-15 21:02:10.014 [main] INFO  main.Main - APPLICATION STARTED at 2026-02-15T21:02:10.014210053
2026-02-15 21:02:10.015 [main] INFO  main.Main - ================================================================================
2026-02-15 21:02:31.791 [main] INFO  core.BooleanSearchEngine - Rebuilding derived indexes from PositionalIndex
2026-02-15 21:02:36.235 [main] INFO  core.BooleanSearchEngine - Rebuilt: InvertedIndex=37208, BiwordIndex=403908, Matrix=37208
2026-02-15 21:02:36.235 [main] INFO  core.BooleanSearchEngine - Index loaded from test1.txt (format: txt, docs: 20, terms: 37208, next ID: 21)
2026-02-15 21:02:36.236 [main] INFO  menu.MenuController - Index was loaded from test1.txt.txt%n
2026-02-15 21:02:36.236 [main] INFO  core.BooleanSearchEngine - Building wildcard indexes
2026-02-15 21:02:36.366 [main] INFO  index.ThreeGramIndex - Built 3-gram index: 37208 unique terms, 8793 n-grams
2026-02-15 21:02:36.366 [main] INFO  core.BooleanSearchEngine - Wildcard indexes built: BTree=37208, ReverseBTree=37208, ThreeGram=37208
2026-02-15 21:03:44.257 [main] ERROR main.Main - Unexpected error occurred
java.util.NoSuchElementException: null
	at java.base/java.util.Scanner.throwFor(Scanner.java:975)
	at java.base/java.util.Scanner.next(Scanner.java:1632)
	at java.base/java.util.Scanner.nextInt(Scanner.java:2297)
	at java.base/java.util.Scanner.nextInt(Scanner.java:2251)
	at scanner.CustomScanner.parseInt(CustomScanner.java:19)
	at main.Main.main(Main.java:34)
2026-02-15 21:03:44.264 [main] ERROR main.Main - Unexpected error occurred
java.util.NoSuchElementException: null
	at java.base/java.util.Scanner.throwFor(Scanner.java:975)
	at java.base/java.util.Scanner.next(Scanner.java:1632)
	at java.base/java.util.Scanner.nextInt(Scanner.java:2297)
	at java.base/java.util.Scanner.nextInt(Scanner.java:2251)
	at scanner.CustomScanner.parseInt(CustomScanner.java:19)
	at main.Main.main(Main.java:34)
2026-02-15 21:03:44.269 [main] ERROR main.Main - Unexpected error occurred
java.util.NoSuchElementException: null
	at java.base/java.util.Scanner.throwFor(Scanner.java:975)
	at java.base/java.util.Scanner.next(Scanner.java:1632)
	at java.base/java.util.Scanner.nextInt(Scanner.java:2297)
	at java.base/java.util.Scanner.nextInt(Scanner.java:2251)
	at scanner.CustomScanner.parseInt(CustomScanner.java:19)
	at main.Main.main(Main.java:34)
2026-02-15 21:03:44.273 [main] ERROR main.Main - Unexpected error occurred
java.util.NoSuchElementException: null
	at java.base/java.util.Scanner.throwFor(Scanner.java:975)
	at java.base/java.util.Scanner.next(Scanner.java:1632)
	at java.base/java.util.Scanner.nextInt(Scanner.java:2297)
	at java.base/java.util.Scanner.nextInt(Scanner.java:2251)
	at scanner.CustomScanner.parseInt(CustomScanner.java:19)
	at main.Main.main(Main.java:34)
2026-02-15 21:03:44.277 [main] ERROR main.Main - Unexpected error occurred
java.util.NoSuchElementException: null
	at java.base/java.util.Scanner.throwFor(Scanner.java:975)
	at java.base/java.util.Scanner.next(Scanner.java:1632)
	at java.base/java.util.Scanner.nextInt(Scanner.java:2297)
	at java.base/java.util.Scanner.nextInt(Scanner.java:2251)
	at scanner.CustomScanner.parseInt(CustomScanner.java:19)
	at main.Main.main(Main.java:34)
2026-02-15 21:03:44.281 [main] ERROR main.Main - Unexpected error occurred
java.util.NoSuchElementException: null
	at java.base/java.util.Scanner.throwFor(Scanner.java:975)
	at java.base/java.util.Scanner.next(Scanner.java:1632)
	at java.base/java.util.Scanner.nextInt(Scanner.java:2297)
	at java.base/java.util.Scanner.nextInt(Scanner.java:2251)
	at scanner.CustomScanner.parseInt(CustomScanner.java:19)
	at main.Main.main(Main.java:34)
2026-02-15 21:03:44.285 [main] ERROR main.Main - Unexpected error occurred
java.util.NoSuchElementException: null
	at java.base/java.util.Scanner.throwFor(Scanner.java:975)
	at java.base/java.util.Scanner.next(Scanner.java:1632)
	at java.base/java.util.Scanner.nextInt(Scanner.java:2297)
	at java.base/java.util.Scanner.nextInt(Scanner.java:2251)
	at scanner.CustomScanner.parseInt(CustomScanner.java:19)
	at main.Main.main(Main.java:34)
2026-02-15 21:03:44.290 [main] ERROR main.Main - Unexpected error occurred
java.util.NoSuchElementException: null
	at java.base/java.util.Scanner.throwFor(Scanner.java:975)
	at java.base/java.util.Scanner.next(Scanner.java:1632)
	at java.base/java.util.Scanner.nextInt(Scanner.java:2297)
	at java.base/java.util.Scanner.nextInt(Scanner.java:2251)
	at scanner.CustomScanner.parseInt(CustomScanner.java:19)
	at main.Main.main(Main.java:34)
2026-02-15 21:03:44.294 [main] ERROR main.Main - Unexpected error occurred
java.util.NoSuchElementException: null
	at java.base/java.util.Scanner.throwFor(Scanner.java:975)
	at java.base/java.util.Scanner.next(Scanner.java:1632)
	at java.base/java.util.Scanner.nextInt(Scanner.java:2297)
	at java.base/java.util.Scanner.nextInt(Scanner.java:2251)
	at scanner.CustomScanner.parseInt(CustomScanner.java:19)
	at main.Main.main(Main.java:34)
2026-02-15 21:07:19.168 [main] INFO  main.Main - ================================================================================
2026-02-15 21:07:19.170 [main] INFO  main.Main - APPLICATION STARTED at 2026-02-15T21:07:19.170115008
2026-02-15 21:07:19.170 [main] INFO  main.Main - ================================================================================
2026-02-15 21:07:23.970 [main] INFO  menu.MenuController - Indexing from documents
2026-02-15 21:07:27.164 [main] INFO  menu.MenuController - Indexing completed
2026-02-15 21:07:27.164 [main] INFO  core.BooleanSearchEngine - Building wildcard indexes
2026-02-15 21:07:27.304 [main] INFO  index.ThreeGramIndex - Built 3-gram index: 37208 unique terms, 8793 n-grams
2026-02-15 21:07:27.305 [main] INFO  core.BooleanSearchEngine - Wildcard indexes built: BTree=37208, ReverseBTree=37208, ThreeGram=37208
2026-02-15 21:07:43.195 [main] INFO  main.Main - ================================================================================
2026-02-15 21:07:43.195 [main] INFO  main.Main - APPLICATION FINISHED at 2026-02-15T21:07:43.195719540
2026-02-15 21:07:43.195 [main] INFO  main.Main - ================================================================================
2026-02-15 21:12:38.391 [main] INFO  main.Main - ================================================================================
2026-02-15 21:12:38.392 [main] INFO  main.Main - APPLICATION STARTED at 2026-02-15T21:12:38.392718692
2026-02-15 21:12:38.393 [main] INFO  main.Main - ================================================================================
2026-02-15 21:12:46.843 [main] INFO  menu.MenuController - Indexing from documents
2026-02-15 21:12:50.887 [main] INFO  menu.MenuController - Indexing completed
2026-02-15 21:12:50.887 [main] INFO  core.BooleanSearchEngine - Building wildcard indexes
2026-02-15 21:12:51.073 [main] INFO  index.ThreeGramIndex - Built 3-gram index: 37208 unique terms, 8793 n-grams
2026-02-15 21:12:51.073 [main] INFO  core.BooleanSearchEngine - Wildcard indexes built: BTree=37208, ReverseBTree=37208, ThreeGram=37208
2026-02-15 21:13:30.053 [main] ERROR main.Main - Unexpected error occurred
java.util.NoSuchElementException: null
	at java.base/java.util.Scanner.throwFor(Scanner.java:975)
	at java.base/java.util.Scanner.next(Scanner.java:1632)
	at java.base/java.util.Scanner.nextInt(Scanner.java:2297)
	at java.base/java.util.Scanner.nextInt(Scanner.java:2251)
	at scanner.CustomScanner.parseInt(CustomScanner.java:19)
	at main.Main.main(Main.java:34)
2026-02-15 21:13:30.061 [main] ERROR main.Main - Unexpected error occurred
java.util.NoSuchElementException: null
	at java.base/java.util.Scanner.throwFor(Scanner.java:975)
	at java.base/java.util.Scanner.next(Scanner.java:1632)
	at java.base/java.util.Scanner.nextInt(Scanner.java:2297)
	at java.base/java.util.Scanner.nextInt(Scanner.java:2251)
	at scanner.CustomScanner.parseInt(CustomScanner.java:19)
	at main.Main.main(Main.java:34)
2026-02-15 21:13:30.065 [main] ERROR main.Main - Unexpected error occurred
java.util.NoSuchElementException: null
	at java.base/java.util.Scanner.throwFor(Scanner.java:975)
	at java.base/java.util.Scanner.next(Scanner.java:1632)
	at java.base/java.util.Scanner.nextInt(Scanner.java:2297)
	at java.base/java.util.Scanner.nextInt(Scanner.java:2251)
	at scanner.CustomScanner.parseInt(CustomScanner.java:19)
	at main.Main.main(Main.java:34)
2026-02-15 21:13:30.069 [main] ERROR main.Main - Unexpected error occurred
java.util.NoSuchElementException: null
	at java.base/java.util.Scanner.throwFor(Scanner.java:975)
	at java.base/java.util.Scanner.next(Scanner.java:1632)
	at java.base/java.util.Scanner.nextInt(Scanner.java:2297)
	at java.base/java.util.Scanner.nextInt(Scanner.java:2251)
	at scanner.CustomScanner.parseInt(CustomScanner.java:19)
	at main.Main.main(Main.java:34)
2026-02-15 21:13:30.071 [main] ERROR main.Main - Unexpected error occurred
java.util.NoSuchElementException: null
	at java.base/java.util.Scanner.throwFor(Scanner.java:975)
	at java.base/java.util.Scanner.next(Scanner.java:1632)
	at java.base/java.util.Scanner.nextInt(Scanner.java:2297)
	at java.base/java.util.Scanner.nextInt(Scanner.java:2251)
	at scanner.CustomScanner.parseInt(CustomScanner.java:19)
	at main.Main.main(Main.java:34)
2026-02-15 21:13:30.074 [main] ERROR main.Main - Unexpected error occurred
java.util.NoSuchElementException: null
	at java.base/java.util.Scanner.throwFor(Scanner.java:975)
	at java.base/java.util.Scanner.next(Scanner.java:1632)
	at java.base/java.util.Scanner.nextInt(Scanner.java:2297)
	at java.base/java.util.Scanner.nextInt(Scanner.java:2251)
	at scanner.CustomScanner.parseInt(CustomScanner.java:19)
	at main.Main.main(Main.java:34)
2026-02-15 21:13:30.078 [main] ERROR main.Main - Unexpected error occurred
java.util.NoSuchElementException: null
	at java.base/java.util.Scanner.throwFor(Scanner.java:975)
	at java.base/java.util.Scanner.next(Scanner.java:1632)
	at java.base/java.util.Scanner.nextInt(Scanner.java:2297)
	at java.base/java.util.Scanner.nextInt(Scanner.java:2251)
	at scanner.CustomScanner.parseInt(CustomScanner.java:19)
	at main.Main.main(Main.java:34)
2026-02-15 21:13:30.083 [main] ERROR main.Main - Unexpected error occurred
java.util.NoSuchElementException: null
	at java.base/java.util.Scanner.throwFor(Scanner.java:975)
	at java.base/java.util.Scanner.next(Scanner.java:1632)
	at java.base/java.util.Scanner.nextInt(Scanner.java:2297)
	at java.base/java.util.Scanner.nextInt(Scanner.java:2251)
	at scanner.CustomScanner.parseInt(CustomScanner.java:19)
	at main.Main.main(Main.java:34)
2026-02-15 21:13:30.087 [main] ERROR main.Main - Unexpected error occurred
java.util.NoSuchElementException: null
	at java.base/java.util.Scanner.throwFor(Scanner.java:975)
	at java.base/java.util.Scanner.next(Scanner.java:1632)
	at java.base/java.util.Scanner.nextInt(Scanner.java:2297)
	at java.base/java.util.Scanner.nextInt(Scanner.java:2251)
	at scanner.CustomScanner.parseInt(CustomScanner.java:19)
	at main.Main.main(Main.java:34)
2026-02-15 21:14:11.419 [main] INFO  main.Main - ================================================================================
2026-02-15 21:14:11.421 [main] INFO  main.Main - APPLICATION STARTED at 2026-02-15T21:14:11.421842453
2026-02-15 21:14:11.423 [main] INFO  main.Main - ================================================================================
2026-02-15 21:14:16.400 [main] INFO  menu.MenuController - Indexing from documents
2026-02-15 21:14:20.253 [main] INFO  menu.MenuController - Indexing completed
2026-02-15 21:14:20.253 [main] INFO  core.BooleanSearchEngine - Building wildcard indexes
2026-02-15 21:14:20.368 [main] INFO  index.ThreeGramIndex - Built 3-gram index: 37208 unique terms, 8793 n-grams
2026-02-15 21:14:20.369 [main] INFO  core.BooleanSearchEngine - Wildcard indexes built: BTree=37208, ReverseBTree=37208, ThreeGram=37208
2026-02-15 21:14:50.038 [main] INFO  main.Main - ================================================================================
2026-02-15 21:14:50.038 [main] INFO  main.Main - APPLICATION FINISHED at 2026-02-15T21:14:50.038757227
2026-02-15 21:14:50.038 [main] INFO  main.Main - ================================================================================
2026-02-15 21:16:50.453 [main] INFO  main.Main - ================================================================================
2026-02-15 21:16:50.455 [main] INFO  main.Main - APPLICATION STARTED at 2026-02-15T21:16:50.455376165
2026-02-15 21:16:50.456 [main] INFO  main.Main - ================================================================================
2026-02-15 21:16:56.066 [main] INFO  menu.MenuController - Indexing from documents
2026-02-15 21:16:59.991 [main] INFO  menu.MenuController - Indexing completed
2026-02-15 21:16:59.991 [main] INFO  core.BooleanSearchEngine - Building wildcard indexes
2026-02-15 21:17:00.118 [main] INFO  index.ThreeGramIndex - Built 3-gram index: 37208 unique terms, 8793 n-grams
2026-02-15 21:17:00.118 [main] INFO  core.BooleanSearchEngine - Wildcard indexes built: BTree=37208, ReverseBTree=37208, ThreeGram=37208
2026-02-15 21:17:34.452 [main] ERROR main.Main - Unexpected error occurred
java.util.NoSuchElementException: null
	at java.base/java.util.Scanner.throwFor(Scanner.java:975)
	at java.base/java.util.Scanner.next(Scanner.java:1632)
	at java.base/java.util.Scanner.nextInt(Scanner.java:2297)
	at java.base/java.util.Scanner.nextInt(Scanner.java:2251)
	at scanner.CustomScanner.parseInt(CustomScanner.java:19)
	at main.Main.main(Main.java:34)
2026-02-15 21:17:34.461 [main] ERROR main.Main - Unexpected error occurred
java.util.NoSuchElementException: null
	at java.base/java.util.Scanner.throwFor(Scanner.java:975)
	at java.base/java.util.Scanner.next(Scanner.java:1632)
	at java.base/java.util.Scanner.nextInt(Scanner.java:2297)
	at java.base/java.util.Scanner.nextInt(Scanner.java:2251)
	at scanner.CustomScanner.parseInt(CustomScanner.java:19)
	at main.Main.main(Main.java:34)
2026-02-15 21:17:34.467 [main] ERROR main.Main - Unexpected error occurred
java.util.NoSuchElementException: null
	at java.base/java.util.Scanner.throwFor(Scanner.java:975)
	at java.base/java.util.Scanner.next(Scanner.java:1632)
	at java.base/java.util.Scanner.nextInt(Scanner.java:2297)
	at java.base/java.util.Scanner.nextInt(Scanner.java:2251)
	at scanner.CustomScanner.parseInt(CustomScanner.java:19)
	at main.Main.main(Main.java:34)
2026-02-15 21:17:34.471 [main] ERROR main.Main - Unexpected error occurred
java.util.NoSuchElementException: null
	at java.base/java.util.Scanner.throwFor(Scanner.java:975)
	at java.base/java.util.Scanner.next(Scanner.java:1632)
	at java.base/java.util.Scanner.nextInt(Scanner.java:2297)
	at java.base/java.util.Scanner.nextInt(Scanner.java:2251)
	at scanner.CustomScanner.parseInt(CustomScanner.java:19)
	at main.Main.main(Main.java:34)
2026-02-15 21:17:34.476 [main] ERROR main.Main - Unexpected error occurred
java.util.NoSuchElementException: null
	at java.base/java.util.Scanner.throwFor(Scanner.java:975)
	at java.base/java.util.Scanner.next(Scanner.java:1632)
	at java.base/java.util.Scanner.nextInt(Scanner.java:2297)
	at java.base/java.util.Scanner.nextInt(Scanner.java:2251)
	at scanner.CustomScanner.parseInt(CustomScanner.java:19)
	at main.Main.main(Main.java:34)
2026-02-15 21:17:34.481 [main] ERROR main.Main - Unexpected error occurred
java.util.NoSuchElementException: null
	at java.base/java.util.Scanner.throwFor(Scanner.java:975)
	at java.base/java.util.Scanner.next(Scanner.java:1632)
	at java.base/java.util.Scanner.nextInt(Scanner.java:2297)
	at java.base/java.util.Scanner.nextInt(Scanner.java:2251)
	at scanner.CustomScanner.parseInt(CustomScanner.java:19)
	at main.Main.main(Main.java:34)
2026-02-15 21:17:34.485 [main] ERROR main.Main - Unexpected error occurred
java.util.NoSuchElementException: null
	at java.base/java.util.Scanner.throwFor(Scanner.java:975)
	at java.base/java.util.Scanner.next(Scanner.java:1632)
	at java.base/java.util.Scanner.nextInt(Scanner.java:2297)
	at java.base/java.util.Scanner.nextInt(Scanner.java:2251)
	at scanner.CustomScanner.parseInt(CustomScanner.java:19)
	at main.Main.main(Main.java:34)
2026-02-15 21:25:06.108 [main] INFO  main.Main - ================================================================================
2026-02-15 21:25:06.110 [main] INFO  main.Main - APPLICATION STARTED at 2026-02-15T21:25:06.110490158
2026-02-15 21:25:06.111 [main] INFO  main.Main - ================================================================================
2026-02-15 21:25:11.800 [main] INFO  menu.MenuController - Indexing from documents
2026-02-15 21:25:15.174 [main] INFO  menu.MenuController - Indexing completed
2026-02-15 21:25:15.175 [main] INFO  core.BooleanSearchEngine - Building wildcard indexes
2026-02-15 21:25:15.340 [main] INFO  index.ThreeGramIndex - Built 3-gram index: 37208 unique terms, 8793 n-grams
2026-02-15 21:25:15.340 [main] INFO  core.BooleanSearchEngine - Wildcard indexes built: BTree=37208, ReverseBTree=37208, ThreeGram=37208
2026-02-15 21:26:44.996 [main] ERROR main.Main - Unexpected error occurred
java.util.NoSuchElementException: null
	at java.base/java.util.Scanner.throwFor(Scanner.java:975)
	at java.base/java.util.Scanner.next(Scanner.java:1632)
	at java.base/java.util.Scanner.nextInt(Scanner.java:2297)
	at java.base/java.util.Scanner.nextInt(Scanner.java:2251)
	at scanner.CustomScanner.parseInt(CustomScanner.java:19)
	at main.Main.main(Main.java:34)
2026-02-15 21:26:45.007 [main] ERROR main.Main - Unexpected error occurred
java.util.NoSuchElementException: null
	at java.base/java.util.Scanner.throwFor(Scanner.java:975)
	at java.base/java.util.Scanner.next(Scanner.java:1632)
	at java.base/java.util.Scanner.nextInt(Scanner.java:2297)
	at java.base/java.util.Scanner.nextInt(Scanner.java:2251)
	at scanner.CustomScanner.parseInt(CustomScanner.java:19)
	at main.Main.main(Main.java:34)
2026-02-15 21:26:45.014 [main] ERROR main.Main - Unexpected error occurred
java.util.NoSuchElementException: null
	at java.base/java.util.Scanner.throwFor(Scanner.java:975)
	at java.base/java.util.Scanner.next(Scanner.java:1632)
	at java.base/java.util.Scanner.nextInt(Scanner.java:2297)
	at java.base/java.util.Scanner.nextInt(Scanner.java:2251)
	at scanner.CustomScanner.parseInt(CustomScanner.java:19)
	at main.Main.main(Main.java:34)
2026-02-15 21:26:45.019 [main] ERROR main.Main - Unexpected error occurred
java.util.NoSuchElementException: null
	at java.base/java.util.Scanner.throwFor(Scanner.java:975)
	at java.base/java.util.Scanner.next(Scanner.java:1632)
	at java.base/java.util.Scanner.nextInt(Scanner.java:2297)
	at java.base/java.util.Scanner.nextInt(Scanner.java:2251)
	at scanner.CustomScanner.parseInt(CustomScanner.java:19)
	at main.Main.main(Main.java:34)
2026-02-15 21:26:45.024 [main] ERROR main.Main - Unexpected error occurred
java.util.NoSuchElementException: null
	at java.base/java.util.Scanner.throwFor(Scanner.java:975)
	at java.base/java.util.Scanner.next(Scanner.java:1632)
	at java.base/java.util.Scanner.nextInt(Scanner.java:2297)
	at java.base/java.util.Scanner.nextInt(Scanner.java:2251)
	at scanner.CustomScanner.parseInt(CustomScanner.java:19)
	at main.Main.main(Main.java:34)
2026-02-15 21:26:45.029 [main] ERROR main.Main - Unexpected error occurred
java.util.NoSuchElementException: null
	at java.base/java.util.Scanner.throwFor(Scanner.java:975)
	at java.base/java.util.Scanner.next(Scanner.java:1632)
	at java.base/java.util.Scanner.nextInt(Scanner.java:2297)
	at java.base/java.util.Scanner.nextInt(Scanner.java:2251)
	at scanner.CustomScanner.parseInt(CustomScanner.java:19)
	at main.Main.main(Main.java:34)
2026-02-15 21:26:45.034 [main] ERROR main.Main - Unexpected error occurred
java.util.NoSuchElementException: null
	at java.base/java.util.Scanner.throwFor(Scanner.java:975)
	at java.base/java.util.Scanner.next(Scanner.java:1632)
	at java.base/java.util.Scanner.nextInt(Scanner.java:2297)
	at java.base/java.util.Scanner.nextInt(Scanner.java:2251)
	at scanner.CustomScanner.parseInt(CustomScanner.java:19)
	at main.Main.main(Main.java:34)
2026-02-15 21:26:45.038 [main] ERROR main.Main - Unexpected error occurred
java.util.NoSuchElementException: null
	at java.base/java.util.Scanner.throwFor(Scanner.java:975)
	at java.base/java.util.Scanner.next(Scanner.java:1632)
	at java.base/java.util.Scanner.nextInt(Scanner.java:2297)
	at java.base/java.util.Scanner.nextInt(Scanner.java:2251)
	at scanner.CustomScanner.parseInt(CustomScanner.java:19)
	at main.Main.main(Main.java:34)
2026-02-15 21:54:17.702 [main] INFO  main.Main - ================================================================================
2026-02-15 21:54:17.704 [main] INFO  main.Main - APPLICATION STARTED at 2026-02-15T21:54:17.704376240
2026-02-15 21:54:17.704 [main] INFO  main.Main - ================================================================================
2026-02-15 21:55:19.715 [main] INFO  menu.MenuController - Starting SPIMI indexing from documents
2026-02-15 21:55:19.716 [main] INFO  index.SPIMI - Starting SPIMI indexing from: documents
2026-02-15 21:55:19.716 [main] INFO  index.SPIMI - Using 16 CPU cores for parallel processing
2026-02-15 21:55:19.735 [main] INFO  index.SPIMI - Found 20 files to index
2026-02-15 21:55:19.737 [main] INFO  index.SPIMI - Created 1 blocks for parallel processing
2026-02-15 21:55:28.338 [virtual-50] INFO  index.SPIMI - Block 0 saved: 20 docs, 37208 terms
2026-02-15 21:55:28.340 [main] INFO  index.SPIMI - Merging 1 blocks...
2026-02-15 21:55:32.041 [main] INFO  index.SPIMI - Merge complete: 37208 terms, 20 docs
2026-02-15 21:55:32.055 [main] INFO  index.SPIMI - Temp files cleanup complete
2026-02-15 21:55:32.063 [main] INFO  core.BooleanSearchEngine - Rebuilding derived indexes from PositionalIndex
2026-02-15 21:55:32.148 [main] INFO  core.BooleanSearchEngine - INDEX rebuilt: 37208 terms
2026-02-15 21:55:37.154 [main] INFO  core.BooleanSearchEngine - Rebuilt: InvertedIndex=37208, BiwordIndex=403908, Matrix=37208
2026-02-15 21:55:37.154 [main] INFO  core.BooleanSearchEngine - Large collection indexed: 20 docs, 37208 terms
2026-02-15 21:55:37.154 [main] INFO  core.BooleanSearchEngine - Building wildcard indexes
2026-02-15 21:55:37.273 [main] INFO  index.ThreeGramIndex - Built 3-gram index: 37208 unique terms, 8793 n-grams
2026-02-15 21:55:37.274 [main] INFO  core.BooleanSearchEngine - Wildcard indexes built: BTree=37208, ReverseBTree=37208, ThreeGram=37208
2026-02-15 21:56:03.296 [main] INFO  main.Main - ================================================================================
2026-02-15 21:56:03.297 [main] INFO  main.Main - APPLICATION FINISHED at 2026-02-15T21:56:03.297312484
2026-02-15 21:56:03.297 [main] INFO  main.Main - ================================================================================
2026-02-15 21:57:57.196 [main] INFO  main.Main - ================================================================================
2026-02-15 21:57:57.200 [main] INFO  main.Main - APPLICATION STARTED at 2026-02-15T21:57:57.199970302
2026-02-15 21:57:57.201 [main] INFO  main.Main - ================================================================================
2026-02-15 21:58:02.614 [main] INFO  menu.MenuController - Indexing from documents
2026-02-15 21:58:08.276 [main] INFO  menu.MenuController - Indexing completed
2026-02-15 21:58:08.276 [main] INFO  core.BooleanSearchEngine - Building wildcard indexes
2026-02-15 21:58:08.577 [main] INFO  index.ThreeGramIndex - Built 3-gram index: 37208 unique terms, 8793 n-grams
2026-02-15 21:58:08.578 [main] INFO  core.BooleanSearchEngine - Wildcard indexes built: BTree=37208, ReverseBTree=37208, ThreeGram=37208
2026-02-15 21:59:10.718 [main] INFO  main.Main - ================================================================================
2026-02-15 21:59:10.719 [main] INFO  main.Main - APPLICATION FINISHED at 2026-02-15T21:59:10.719252697
2026-02-15 21:59:10.719 [main] INFO  main.Main - ================================================================================
2026-02-15 21:59:32.926 [main] INFO  main.Main - ================================================================================
2026-02-15 21:59:32.928 [main] INFO  main.Main - APPLICATION STARTED at 2026-02-15T21:59:32.928825647
2026-02-15 21:59:32.929 [main] INFO  main.Main - ================================================================================
2026-02-15 21:59:38.352 [main] INFO  menu.MenuController - Indexing from documents
2026-02-15 21:59:43.487 [main] INFO  menu.MenuController - Indexing completed
2026-02-15 21:59:43.487 [main] INFO  core.BooleanSearchEngine - Building wildcard indexes
2026-02-15 21:59:43.642 [main] INFO  index.ThreeGramIndex - Built 3-gram index: 37208 unique terms, 8793 n-grams
2026-02-15 21:59:43.642 [main] INFO  core.BooleanSearchEngine - Wildcard indexes built: BTree=37208, ReverseBTree=37208, ThreeGram=37208
2026-02-15 22:00:26.514 [main] ERROR main.Main - Unexpected error occurred
java.util.NoSuchElementException: null
	at java.base/java.util.Scanner.throwFor(Scanner.java:975)
	at java.base/java.util.Scanner.next(Scanner.java:1632)
	at java.base/java.util.Scanner.nextInt(Scanner.java:2297)
	at java.base/java.util.Scanner.nextInt(Scanner.java:2251)
	at scanner.CustomScanner.parseInt(CustomScanner.java:19)
	at main.Main.main(Main.java:34)
2026-02-15 22:00:26.521 [main] ERROR main.Main - Unexpected error occurred
java.util.NoSuchElementException: null
	at java.base/java.util.Scanner.throwFor(Scanner.java:975)
	at java.base/java.util.Scanner.next(Scanner.java:1632)
	at java.base/java.util.Scanner.nextInt(Scanner.java:2297)
	at java.base/java.util.Scanner.nextInt(Scanner.java:2251)
	at scanner.CustomScanner.parseInt(CustomScanner.java:19)
	at main.Main.main(Main.java:34)
2026-02-15 22:00:26.526 [main] ERROR main.Main - Unexpected error occurred
java.util.NoSuchElementException: null
	at java.base/java.util.Scanner.throwFor(Scanner.java:975)
	at java.base/java.util.Scanner.next(Scanner.java:1632)
	at java.base/java.util.Scanner.nextInt(Scanner.java:2297)
	at java.base/java.util.Scanner.nextInt(Scanner.java:2251)
	at scanner.CustomScanner.parseInt(CustomScanner.java:19)
	at main.Main.main(Main.java:34)
2026-02-15 22:00:26.528 [main] ERROR main.Main - Unexpected error occurred
java.util.NoSuchElementException: null
	at java.base/java.util.Scanner.throwFor(Scanner.java:975)
	at java.base/java.util.Scanner.next(Scanner.java:1632)
	at java.base/java.util.Scanner.nextInt(Scanner.java:2297)
	at java.base/java.util.Scanner.nextInt(Scanner.java:2251)
	at scanner.CustomScanner.parseInt(CustomScanner.java:19)
	at main.Main.main(Main.java:34)
2026-02-15 22:00:26.531 [main] ERROR main.Main - Unexpected error occurred
java.util.NoSuchElementException: null
	at java.base/java.util.Scanner.throwFor(Scanner.java:975)
	at java.base/java.util.Scanner.next(Scanner.java:1632)
	at java.base/java.util.Scanner.nextInt(Scanner.java:2297)
	at java.base/java.util.Scanner.nextInt(Scanner.java:2251)
	at scanner.CustomScanner.parseInt(CustomScanner.java:19)
	at main.Main.main(Main.java:34)
2026-02-15 22:00:26.534 [main] ERROR main.Main - Unexpected error occurred
java.util.NoSuchElementException: null
	at java.base/java.util.Scanner.throwFor(Scanner.java:975)
	at java.base/java.util.Scanner.next(Scanner.java:1632)
	at java.base/java.util.Scanner.nextInt(Scanner.java:2297)
	at java.base/java.util.Scanner.nextInt(Scanner.java:2251)
	at scanner.CustomScanner.parseInt(CustomScanner.java:19)
	at main.Main.main(Main.java:34)
2026-02-15 22:00:26.537 [main] ERROR main.Main - Unexpected error occurred
java.util.NoSuchElementException: null
	at java.base/java.util.Scanner.throwFor(Scanner.java:975)
	at java.base/java.util.Scanner.next(Scanner.java:1632)
	at java.base/java.util.Scanner.nextInt(Scanner.java:2297)
	at java.base/java.util.Scanner.nextInt(Scanner.java:2251)
	at scanner.CustomScanner.parseInt(CustomScanner.java:19)
	at main.Main.main(Main.java:34)
2026-02-15 22:00:26.540 [main] ERROR main.Main - Unexpected error occurred
java.util.NoSuchElementException: null
	at java.base/java.util.Scanner.throwFor(Scanner.java:975)
	at java.base/java.util.Scanner.next(Scanner.java:1632)
	at java.base/java.util.Scanner.nextInt(Scanner.java:2297)
	at java.base/java.util.Scanner.nextInt(Scanner.java:2251)
	at scanner.CustomScanner.parseInt(CustomScanner.java:19)
	at main.Main.main(Main.java:34)
2026-02-15 22:00:26.543 [main] ERROR main.Main - Unexpected error occurred
java.util.NoSuchElementException: null
	at java.base/java.util.Scanner.throwFor(Scanner.java:975)
	at java.base/java.util.Scanner.next(Scanner.java:1632)
	at java.base/java.util.Scanner.nextInt(Scanner.java:2297)
	at java.base/java.util.Scanner.nextInt(Scanner.java:2251)
	at scanner.CustomScanner.parseInt(CustomScanner.java:19)
	at main.Main.main(Main.java:34)
2026-02-15 22:00:39.978 [main] INFO  main.Main - ================================================================================
2026-02-15 22:00:39.981 [main] INFO  main.Main - APPLICATION STARTED at 2026-02-15T22:00:39.981888728
2026-02-15 22:00:39.983 [main] INFO  main.Main - ================================================================================
2026-02-15 22:00:44.932 [main] INFO  menu.MenuController - Indexing from documents
2026-02-15 22:00:50.425 [main] INFO  menu.MenuController - Indexing completed
2026-02-15 22:00:50.426 [main] INFO  core.BooleanSearchEngine - Building wildcard indexes
2026-02-15 22:00:50.767 [main] INFO  index.ThreeGramIndex - Built 3-gram index: 37208 unique terms, 8793 n-grams
2026-02-15 22:00:50.768 [main] INFO  core.BooleanSearchEngine - Wildcard indexes built: BTree=37208, ReverseBTree=37208, ThreeGram=37208
2026-02-15 22:01:05.634 [main] ERROR main.Main - Unexpected error occurred
java.util.NoSuchElementException: null
	at java.base/java.util.Scanner.throwFor(Scanner.java:975)
	at java.base/java.util.Scanner.next(Scanner.java:1632)
	at java.base/java.util.Scanner.nextInt(Scanner.java:2297)
	at java.base/java.util.Scanner.nextInt(Scanner.java:2251)
	at scanner.CustomScanner.parseInt(CustomScanner.java:19)
	at main.Main.main(Main.java:34)
2026-02-15 22:01:05.644 [main] ERROR main.Main - Unexpected error occurred
java.util.NoSuchElementException: null
	at java.base/java.util.Scanner.throwFor(Scanner.java:975)
	at java.base/java.util.Scanner.next(Scanner.java:1632)
	at java.base/java.util.Scanner.nextInt(Scanner.java:2297)
	at java.base/java.util.Scanner.nextInt(Scanner.java:2251)
	at scanner.CustomScanner.parseInt(CustomScanner.java:19)
	at main.Main.main(Main.java:34)
2026-02-15 22:01:05.652 [main] ERROR main.Main - Unexpected error occurred
java.util.NoSuchElementException: null
	at java.base/java.util.Scanner.throwFor(Scanner.java:975)
	at java.base/java.util.Scanner.next(Scanner.java:1632)
	at java.base/java.util.Scanner.nextInt(Scanner.java:2297)
	at java.base/java.util.Scanner.nextInt(Scanner.java:2251)
	at scanner.CustomScanner.parseInt(CustomScanner.java:19)
	at main.Main.main(Main.java:34)
2026-02-15 22:01:05.659 [main] ERROR main.Main - Unexpected error occurred
java.util.NoSuchElementException: null
	at java.base/java.util.Scanner.throwFor(Scanner.java:975)
	at java.base/java.util.Scanner.next(Scanner.java:1632)
	at java.base/java.util.Scanner.nextInt(Scanner.java:2297)
	at java.base/java.util.Scanner.nextInt(Scanner.java:2251)
	at scanner.CustomScanner.parseInt(CustomScanner.java:19)
	at main.Main.main(Main.java:34)
2026-02-15 22:01:05.664 [main] ERROR main.Main - Unexpected error occurred
java.util.NoSuchElementException: null
	at java.base/java.util.Scanner.throwFor(Scanner.java:975)
	at java.base/java.util.Scanner.next(Scanner.java:1632)
	at java.base/java.util.Scanner.nextInt(Scanner.java:2297)
	at java.base/java.util.Scanner.nextInt(Scanner.java:2251)
	at scanner.CustomScanner.parseInt(CustomScanner.java:19)
	at main.Main.main(Main.java:34)
2026-02-15 22:01:05.671 [main] ERROR main.Main - Unexpected error occurred
java.util.NoSuchElementException: null
	at java.base/java.util.Scanner.throwFor(Scanner.java:975)
	at java.base/java.util.Scanner.next(Scanner.java:1632)
	at java.base/java.util.Scanner.nextInt(Scanner.java:2297)
	at java.base/java.util.Scanner.nextInt(Scanner.java:2251)
	at scanner.CustomScanner.parseInt(CustomScanner.java:19)
	at main.Main.main(Main.java:34)
2026-02-15 22:01:05.680 [main] ERROR main.Main - Unexpected error occurred
java.util.NoSuchElementException: null
	at java.base/java.util.Scanner.throwFor(Scanner.java:975)
	at java.base/java.util.Scanner.next(Scanner.java:1632)
	at java.base/java.util.Scanner.nextInt(Scanner.java:2297)
	at java.base/java.util.Scanner.nextInt(Scanner.java:2251)
	at scanner.CustomScanner.parseInt(CustomScanner.java:19)
	at main.Main.main(Main.java:34)
2026-02-15 22:01:09.198 [main] INFO  main.Main - ================================================================================
2026-02-15 22:01:09.202 [main] INFO  main.Main - APPLICATION STARTED at 2026-02-15T22:01:09.202271147
2026-02-15 22:01:09.204 [main] INFO  main.Main - ================================================================================
2026-02-15 22:01:12.792 [main] INFO  menu.MenuController - Indexing from documents
2026-02-15 22:01:19.186 [main] INFO  menu.MenuController - Indexing completed
2026-02-15 22:01:19.186 [main] INFO  core.BooleanSearchEngine - Building wildcard indexes
2026-02-15 22:01:19.522 [main] INFO  index.ThreeGramIndex - Built 3-gram index: 37208 unique terms, 8793 n-grams
2026-02-15 22:01:19.522 [main] INFO  core.BooleanSearchEngine - Wildcard indexes built: BTree=37208, ReverseBTree=37208, ThreeGram=37208
2026-02-15 22:03:00.603 [main] INFO  main.Main - ================================================================================
2026-02-15 22:03:00.604 [main] INFO  main.Main - APPLICATION FINISHED at 2026-02-15T22:03:00.604405945
2026-02-15 22:03:00.604 [main] INFO  main.Main - ================================================================================
2026-02-15 22:32:05.299 [main] INFO  compression.FrontCoding - Front Coding: 7 terms → 2 blocks, ratio: {:.2f}%
2026-02-15 22:33:59.225 [main] INFO  compression.FrontCoding - Front Coding: 37208 terms → 4651 blocks, ratio: %.2f%%
2026-02-15 22:35:14.018 [main] INFO  compression.FrontCoding - Front Coding: 37208 terms → 1163 blocks, ratio: %.2f%%
2026-02-15 22:35:24.554 [main] INFO  compression.FrontCoding - Front Coding: 37208 terms → 37 blocks, ratio: %.2f%%
2026-02-15 22:35:33.038 [main] INFO  compression.FrontCoding - Front Coding: 37208 terms → 1 blocks, ratio: %.2f%%
2026-02-15 22:36:30.724 [main] INFO  compression.FrontCoding - Front Coding: 37208 terms → 1163 blocks, ratio: %.2f%%
2026-02-15 22:36:39.822 [main] INFO  compression.FrontCoding - Front Coding: 37208 terms → 1163 blocks, ratio: %.2f%%
2026-02-15 22:37:15.017 [main] INFO  compression.FrontCoding - Front Coding: 37208 terms → 1163 blocks, ratio: %.2f 68.05
2026-02-15 22:37:34.116 [main] INFO  compression.FrontCoding - Front Coding: 37208 terms → 1163 blocks, ratio: 68.05
2026-02-15 22:37:44.161 [main] INFO  compression.FrontCoding - Front Coding: 37208 terms → 1163 blocks, ratio: 68.05%
2026-02-15 22:38:36.767 [main] INFO  compression.FrontCoding - Front Coding: 37208 terms → 1163 blocks, ratio: 68.05%
2026-02-15 23:58:44.141 [main] INFO  main.Main - ================================================================================
2026-02-15 23:58:44.145 [main] INFO  main.Main - APPLICATION STARTED at 2026-02-15T23:58:44.145346403
2026-02-15 23:58:44.146 [main] INFO  main.Main - ================================================================================
2026-02-15 23:58:54.145 [main] ERROR main.Main - Unexpected error occurred
java.util.NoSuchElementException: null
	at java.base/java.util.Scanner.throwFor(Scanner.java:975)
	at java.base/java.util.Scanner.next(Scanner.java:1632)
	at java.base/java.util.Scanner.nextInt(Scanner.java:2297)
	at java.base/java.util.Scanner.nextInt(Scanner.java:2251)
	at scanner.CustomScanner.parseInt(CustomScanner.java:19)
	at main.Main.main(Main.java:34)
2026-02-15 23:58:54.156 [main] ERROR main.Main - Unexpected error occurred
java.util.NoSuchElementException: null
	at java.base/java.util.Scanner.throwFor(Scanner.java:975)
	at java.base/java.util.Scanner.next(Scanner.java:1632)
	at java.base/java.util.Scanner.nextInt(Scanner.java:2297)
	at java.base/java.util.Scanner.nextInt(Scanner.java:2251)
	at scanner.CustomScanner.parseInt(CustomScanner.java:19)
	at main.Main.main(Main.java:34)
2026-02-15 23:58:54.163 [main] ERROR main.Main - Unexpected error occurred
java.util.NoSuchElementException: null
	at java.base/java.util.Scanner.throwFor(Scanner.java:975)
	at java.base/java.util.Scanner.next(Scanner.java:1632)
	at java.base/java.util.Scanner.nextInt(Scanner.java:2297)
	at java.base/java.util.Scanner.nextInt(Scanner.java:2251)
	at scanner.CustomScanner.parseInt(CustomScanner.java:19)
	at main.Main.main(Main.java:34)
2026-02-15 23:58:54.168 [main] ERROR main.Main - Unexpected error occurred
java.util.NoSuchElementException: null
	at java.base/java.util.Scanner.throwFor(Scanner.java:975)
	at java.base/java.util.Scanner.next(Scanner.java:1632)
	at java.base/java.util.Scanner.nextInt(Scanner.java:2297)
	at java.base/java.util.Scanner.nextInt(Scanner.java:2251)
	at scanner.CustomScanner.parseInt(CustomScanner.java:19)
	at main.Main.main(Main.java:34)
2026-02-15 23:58:54.173 [main] ERROR main.Main - Unexpected error occurred
java.util.NoSuchElementException: null
	at java.base/java.util.Scanner.throwFor(Scanner.java:975)
	at java.base/java.util.Scanner.next(Scanner.java:1632)
	at java.base/java.util.Scanner.nextInt(Scanner.java:2297)
	at java.base/java.util.Scanner.nextInt(Scanner.java:2251)
	at scanner.CustomScanner.parseInt(CustomScanner.java:19)
	at main.Main.main(Main.java:34)
2026-02-15 23:58:54.178 [main] ERROR main.Main - Unexpected error occurred
java.util.NoSuchElementException: null
	at java.base/java.util.Scanner.throwFor(Scanner.java:975)
	at java.base/java.util.Scanner.next(Scanner.java:1632)
	at java.base/java.util.Scanner.nextInt(Scanner.java:2297)
	at java.base/java.util.Scanner.nextInt(Scanner.java:2251)
	at scanner.CustomScanner.parseInt(CustomScanner.java:19)
	at main.Main.main(Main.java:34)
2026-02-15 23:58:54.182 [main] ERROR main.Main - Unexpected error occurred
java.util.NoSuchElementException: null
	at java.base/java.util.Scanner.throwFor(Scanner.java:975)
	at java.base/java.util.Scanner.next(Scanner.java:1632)
	at java.base/java.util.Scanner.nextInt(Scanner.java:2297)
	at java.base/java.util.Scanner.nextInt(Scanner.java:2251)
	at scanner.CustomScanner.parseInt(CustomScanner.java:19)
	at main.Main.main(Main.java:34)
2026-02-15 23:58:54.187 [main] ERROR main.Main - Unexpected error occurred
java.util.NoSuchElementException: null
	at java.base/java.util.Scanner.throwFor(Scanner.java:975)
	at java.base/java.util.Scanner.next(Scanner.java:1632)
	at java.base/java.util.Scanner.nextInt(Scanner.java:2297)
	at java.base/java.util.Scanner.nextInt(Scanner.java:2251)
	at scanner.CustomScanner.parseInt(CustomScanner.java:19)
	at main.Main.main(Main.java:34)
2026-02-15 23:59:38.272 [main] INFO  main.Main - ================================================================================
2026-02-15 23:59:38.276 [main] INFO  main.Main - APPLICATION STARTED at 2026-02-15T23:59:38.276173655
2026-02-15 23:59:38.277 [main] INFO  main.Main - ================================================================================
2026-02-15 23:59:48.927 [main] INFO  menu.MenuController - Starting SPIMI indexing from documents
2026-02-15 23:59:48.927 [main] INFO  index.SPIMI - Starting SPIMI indexing from: documents
2026-02-15 23:59:48.928 [main] INFO  index.SPIMI - Using 16 CPU cores for parallel processing
2026-02-15 23:59:48.936 [main] INFO  index.SPIMI - Found 21 files to index
2026-02-15 23:59:48.936 [main] INFO  index.SPIMI - Created 2 blocks for parallel processing
2026-02-15 23:59:48.944 [virtual-51] ERROR index.SPIMI - File indexing failed
java.util.concurrent.ExecutionException: java.lang.OutOfMemoryError: Required array size too large
	at java.base/java.util.concurrent.FutureTask.report(FutureTask.java:124)
	at java.base/java.util.concurrent.FutureTask.get(FutureTask.java:193)
	at index.SPIMI.processBlock(SPIMI.java:139)
	at index.SPIMI.lambda$processInBlocks$0(SPIMI.java:74)
	at java.base/java.util.concurrent.FutureTask.run(FutureTask.java:328)
	at java.base/java.util.concurrent.ThreadPerTaskExecutor$ThreadBoundFuture.run(ThreadPerTaskExecutor.java:323)
	at java.base/java.lang.VirtualThread.run(VirtualThread.java:456)
Caused by: java.lang.OutOfMemoryError: Required array size too large
	at java.base/java.nio.file.Files.readAllBytes(Files.java:2979)
	at java.base/java.nio.file.Files.readString(Files.java:3043)
	at java.base/java.nio.file.Files.readString(Files.java:3006)
	at index.SPIMI.indexFileToBlock(SPIMI.java:156)
	at index.SPIMI.lambda$processBlock$1(SPIMI.java:128)
	at java.base/java.util.concurrent.Executors$RunnableAdapter.call(Executors.java:545)
	... 3 common frames omitted
2026-02-15 23:59:49.056 [virtual-51] INFO  index.SPIMI - Block 1 saved: 0 docs, 0 terms
2026-02-15 23:59:58.177 [virtual-49] INFO  index.SPIMI - Block 0 saved: 20 docs, 37208 terms
2026-02-15 23:59:58.177 [main] INFO  index.SPIMI - Merging 2 blocks...
