92026-01-18 01:47:50.758 [main] INFO  main.Main - ================================================================================
2026-01-18 01:47:50.763 [main] INFO  main.Main - APPLICATION STARTED at 2026-01-18T01:47:50.763887900
2026-01-18 01:47:50.765 [main] INFO  main.Main - ================================================================================
2026-01-18 01:48:28.156 [main] INFO  main.MenuController - Listing directory documents
2026-01-18 01:48:38.634 [main] INFO  main.MenuController - Indexing from documents
2026-01-18 01:48:39.193 [main] INFO  main.MenuController - Indexing completed
2026-01-18 01:49:05.560 [main] INFO  main.MenuController - Listing directory documents
2026-01-18 01:49:08.202 [main] INFO  main.MenuController - File large_1399_2.txt deleted
2026-01-18 01:49:08.229 [main] INFO  main.MenuController - File large_1661_3.txt deleted
2026-01-18 01:49:08.230 [main] INFO  main.MenuController - File large_2600_1.txt deleted
2026-01-18 01:49:08.243 [main] INFO  main.MenuController - File large_2600_5.txt deleted
2026-01-18 01:49:08.245 [main] INFO  main.MenuController - File large_2701_0.txt deleted
2026-01-18 01:49:08.245 [main] INFO  main.MenuController - File large_2701_4.txt deleted
2026-01-18 01:49:08.245 [main] INFO  main.MenuController - Deleted 6 file(s), 0 failed
2026-01-18 01:49:11.455 [main] INFO  main.MenuController - Listing directory documents
2026-01-18 03:11:26.014 [main] INFO  main.Main - ================================================================================
2026-01-18 03:11:26.017 [main] INFO  main.Main - APPLICATION STARTED at 2026-01-18T03:11:26.017137500
2026-01-18 03:11:26.018 [main] INFO  main.Main - ================================================================================
2026-01-18 03:11:41.674 [main] INFO  main.MenuController - Listing directory documents
2026-01-18 03:11:48.069 [main] INFO  main.MenuController - Listing directory src
2026-01-18 03:12:06.159 [main] INFO  main.MenuController - Indexing from documents
2026-01-18 03:12:06.194 [main] INFO  main.MenuController - Indexing completed
2026-01-18 03:12:18.568 [main] INFO  main.MenuController - Listing directory documents
2026-01-18 03:12:39.223 [main] INFO  main.MenuController - Generating 4 large files...
2026-01-18 03:12:39.782 [main] INFO  generator.GenerateFiles - === Generating Large Files (~1-3 MB) ===
2026-01-18 03:12:39.793 [virtual-37] INFO  generator.GenerateFiles -   [1] Downloading book 2701...
2026-01-18 03:12:41.834 [virtual-39] INFO  generator.GenerateFiles -   [2] Downloading book 2600...
2026-01-18 03:12:41.961 [virtual-37] INFO  generator.GenerateFiles - ✓ Downloaded book 2701 (1211 KB)
2026-01-18 03:12:42.642 [virtual-39] INFO  generator.GenerateFiles - ✓ Downloaded book 2600 (3216 KB)
2026-01-18 03:12:43.794 [virtual-41] INFO  generator.GenerateFiles -   [3] Downloading book 1399...
2026-01-18 03:12:44.705 [virtual-41] INFO  generator.GenerateFiles - ✓ Downloaded book 1399 (1957 KB)
2026-01-18 03:12:45.794 [virtual-42] INFO  generator.GenerateFiles -   [4] Downloading book 1661...
2026-01-18 03:12:46.369 [virtual-42] INFO  generator.GenerateFiles - ✓ Downloaded book 1661 (579 KB)
2026-01-18 03:12:46.403 [main] INFO  generator.GenerateFiles -   Successfully generated all 4 files
2026-01-18 03:12:51.806 [main] INFO  main.MenuController - Indexing from documents
2026-01-18 03:12:52.204 [main] INFO  main.MenuController - Indexing completed
2026-01-18 03:14:46.706 [main] INFO  main.Main - ================================================================================
2026-01-18 03:14:46.708 [main] INFO  main.Main - APPLICATION STARTED at 2026-01-18T03:14:46.708024
2026-01-18 03:14:46.710 [main] INFO  main.Main - ================================================================================
2026-01-18 03:14:59.631 [main] INFO  main.MenuController - Indexing from documents
2026-01-18 03:15:00.063 [main] INFO  main.MenuController - Indexing completed
2026-01-18 03:15:30.005 [main] INFO  main.Main - ================================================================================
2026-01-18 03:15:30.005 [main] INFO  main.Main - APPLICATION FINISHED at 2026-01-18T03:15:30.005990600
2026-01-18 03:15:30.005 [main] INFO  main.Main - ================================================================================
2026-01-18 03:16:04.136 [main] INFO  main.Main - ================================================================================
2026-01-18 03:16:04.138 [main] INFO  main.Main - APPLICATION STARTED at 2026-01-18T03:16:04.138539200
2026-01-18 03:16:04.140 [main] INFO  main.Main - ================================================================================
2026-01-18 03:16:10.772 [main] INFO  main.MenuController - Indexing from documents
2026-01-18 03:16:11.200 [main] INFO  main.MenuController - Indexing completed
2026-01-18 03:16:20.881 [main] INFO  main.Main - ================================================================================
2026-01-18 03:16:20.881 [main] INFO  main.Main - APPLICATION FINISHED at 2026-01-18T03:16:20.881971600
2026-01-18 03:16:20.881 [main] INFO  main.Main - ================================================================================
2026-01-18 03:17:46.355 [main] INFO  main.Main - ================================================================================
2026-01-18 03:17:46.358 [main] INFO  main.Main - APPLICATION STARTED at 2026-01-18T03:17:46.358501600
2026-01-18 03:17:46.360 [main] INFO  main.Main - ================================================================================
2026-01-18 03:48:17.993 [main] INFO  main.Main - ================================================================================
2026-01-18 03:48:17.996 [main] INFO  main.Main - APPLICATION STARTED at 2026-01-18T03:48:17.996914600
2026-01-18 03:48:17.998 [main] INFO  main.Main - ================================================================================
2026-01-18 03:48:45.902 [main] INFO  main.MenuController - Index was loaded from %s%n
2026-01-18 03:49:05.984 [main] INFO  main.MenuController - Indexing from documents
2026-01-18 03:49:06.463 [main] INFO  main.MenuController - Indexing completed
2026-01-18 03:49:19.032 [main] INFO  main.Main - ================================================================================
2026-01-18 03:49:19.032 [main] INFO  main.Main - APPLICATION FINISHED at 2026-01-18T03:49:19.032367300
2026-01-18 03:49:19.033 [main] INFO  main.Main - ================================================================================
2026-01-18 03:51:59.818 [main] INFO  main.Main - ================================================================================
2026-01-18 03:51:59.818 [main] INFO  main.Main - APPLICATION STARTED at 2026-01-18T03:51:59.818602300
2026-01-18 03:51:59.818 [main] INFO  main.Main - ================================================================================
2026-01-18 03:52:41.562 [main] INFO  main.Main - ================================================================================
2026-01-18 03:52:41.565 [main] INFO  main.Main - APPLICATION STARTED at 2026-01-18T03:52:41.565987100
2026-01-18 03:52:41.565 [main] INFO  main.Main - ================================================================================
2026-01-18 03:53:01.178 [main] ERROR main.MenuController - Invalid format
2026-01-18 03:53:12.894 [main] ERROR main.MenuController - Invalid format
2026-01-18 03:53:23.437 [main] ERROR main.MenuController - Invalid format
2026-01-18 03:53:39.577 [main] INFO  main.MenuController - Index was saved into %s%n
2026-01-18 03:53:41.762 [main] INFO  main.Main - ================================================================================
2026-01-18 03:53:41.763 [main] INFO  main.Main - APPLICATION FINISHED at 2026-01-18T03:53:41.763359800
2026-01-18 03:53:41.763 [main] INFO  main.Main - ================================================================================
2026-01-18 03:55:03.770 [main] INFO  main.Main - ================================================================================
2026-01-18 03:55:03.773 [main] INFO  main.Main - APPLICATION STARTED at 2026-01-18T03:55:03.773265100
2026-01-18 03:55:03.774 [main] INFO  main.Main - ================================================================================
2026-01-18 03:55:11.828 [main] INFO  main.MenuController - Index was saved into %s%n
2026-01-18 03:55:16.060 [main] INFO  main.MenuController - Index was loaded from %s%n
2026-01-18 03:55:25.201 [main] INFO  main.MenuController - Indexing from documents
2026-01-18 03:55:25.637 [main] INFO  main.MenuController - Indexing completed
2026-01-18 03:55:31.113 [main] INFO  main.MenuController - Index was saved into %s%n
2026-01-18 03:55:35.537 [main] ERROR main.MenuController - Invalid format
2026-01-18 03:55:37.062 [main] INFO  main.Main - ================================================================================
2026-01-18 03:55:37.062 [main] INFO  main.Main - APPLICATION FINISHED at 2026-01-18T03:55:37.062259400
2026-01-18 03:55:37.062 [main] INFO  main.Main - ================================================================================
2026-01-18 03:55:41.683 [main] INFO  main.Main - ================================================================================
2026-01-18 03:55:41.686 [main] INFO  main.Main - APPLICATION STARTED at 2026-01-18T03:55:41.686066700
2026-01-18 03:55:41.688 [main] INFO  main.Main - ================================================================================
2026-01-18 03:55:52.294 [main] INFO  main.MenuController - Index was loaded from %s%n
2026-01-18 03:56:06.364 [main] INFO  main.Main - ================================================================================
2026-01-18 03:56:06.367 [main] INFO  main.Main - APPLICATION STARTED at 2026-01-18T03:56:06.367586200
2026-01-18 03:56:06.369 [main] INFO  main.Main - ================================================================================
2026-01-18 03:56:15.521 [main] INFO  main.MenuController - Index was loaded from %s%n
2026-01-18 19:08:04.955 [main] INFO  main.Main - ================================================================================
2026-01-18 19:08:04.957 [main] INFO  main.Main - APPLICATION STARTED at 2026-01-18T19:08:04.957958
2026-01-18 19:08:04.959 [main] INFO  main.Main - ================================================================================
2026-01-18 19:08:13.791 [main] INFO  main.MenuController - Indexing from documents
2026-01-18 19:08:14.011 [main] INFO  main.MenuController - Indexing completed
2026-01-18 19:08:19.539 [main] INFO  core.BooleanSearchEngine - Index saved to serialization.json (format: json, docs: 4, terms: 37057)
2026-01-18 19:08:19.540 [main] INFO  main.MenuController - Index was saved into %s%n
2026-01-18 19:08:23.515 [main] INFO  core.BooleanSearchEngine - Index loaded from serialization.json (format: json, docs: 4, terms: 37057, next ID: 5)
2026-01-18 19:08:23.516 [main] INFO  main.MenuController - Index was loaded from %s%n
2026-01-18 19:08:29.452 [main] INFO  main.Main - ================================================================================
2026-01-18 19:08:29.454 [main] INFO  main.Main - APPLICATION STARTED at 2026-01-18T19:08:29.454033900
2026-01-18 19:08:29.455 [main] INFO  main.Main - ================================================================================
2026-01-18 19:08:37.121 [main] INFO  core.BooleanSearchEngine - Index loaded from serialization.json (format: json, docs: 4, terms: 37057, next ID: 5)
2026-01-18 19:08:37.121 [main] INFO  main.MenuController - Index was loaded from %s%n
2026-01-18 20:39:23.847 [main] INFO  main.Main - ================================================================================
2026-01-18 20:39:23.849 [main] INFO  main.Main - APPLICATION STARTED at 2026-01-18T20:39:23.849292400
2026-01-18 20:39:23.850 [main] INFO  main.Main - ================================================================================
2026-01-18 20:39:48.258 [main] INFO  main.MenuController - Generating OptionalInt[20] large files...
2026-01-18 20:39:48.525 [main] INFO  generator.GenerateFiles - === Generating Large Files (~1-3 MB) ===
2026-01-18 20:39:48.538 [virtual-37] INFO  generator.GenerateFiles -   [1] Downloading book 2701...
2026-01-18 20:39:50.187 [virtual-37] INFO  generator.GenerateFiles - ✓ Downloaded book 2701 (1211 KB)
2026-01-18 20:39:50.539 [virtual-39] INFO  generator.GenerateFiles -   [2] Downloading book 2600...
2026-01-18 20:39:51.424 [virtual-39] INFO  generator.GenerateFiles - ✓ Downloaded book 2600 (3216 KB)
2026-01-18 20:39:52.539 [virtual-41] INFO  generator.GenerateFiles -   [3] Downloading book 1399...
2026-01-18 20:39:53.394 [virtual-41] INFO  generator.GenerateFiles - ✓ Downloaded book 1399 (1957 KB)
2026-01-18 20:39:54.539 [virtual-42] INFO  generator.GenerateFiles -   [4] Downloading book 1661...
2026-01-18 20:39:56.540 [virtual-43] INFO  generator.GenerateFiles -   [5] Downloading book 2701...
2026-01-18 20:39:57.541 [virtual-43] INFO  generator.GenerateFiles - ✓ Downloaded book 2701 (1211 KB)
2026-01-18 20:39:58.540 [virtual-44] INFO  generator.GenerateFiles -   [6] Downloading book 2600...
2026-01-18 20:39:58.547 [virtual-42] INFO  generator.GenerateFiles - ✓ Downloaded book 1661 (579 KB)
2026-01-18 20:39:59.826 [virtual-44] INFO  generator.GenerateFiles - ✓ Downloaded book 2600 (3216 KB)
2026-01-18 20:40:00.539 [virtual-45] INFO  generator.GenerateFiles -   [7] Downloading book 1399...
2026-01-18 20:40:01.530 [virtual-45] INFO  generator.GenerateFiles - ✓ Downloaded book 1399 (1957 KB)
2026-01-18 20:40:02.541 [virtual-46] INFO  generator.GenerateFiles -   [8] Downloading book 1661...
2026-01-18 20:40:03.123 [virtual-46] INFO  generator.GenerateFiles - ✓ Downloaded book 1661 (579 KB)
2026-01-18 20:40:04.540 [virtual-47] INFO  generator.GenerateFiles -   [9] Downloading book 2701...
2026-01-18 20:40:05.522 [virtual-47] INFO  generator.GenerateFiles - ✓ Downloaded book 2701 (1211 KB)
2026-01-18 20:40:06.539 [virtual-48] INFO  generator.GenerateFiles -   [10] Downloading book 2600...
2026-01-18 20:40:08.082 [virtual-48] INFO  generator.GenerateFiles - ✓ Downloaded book 2600 (3216 KB)
2026-01-18 20:40:08.540 [virtual-49] INFO  generator.GenerateFiles -   [11] Downloading book 1399...
2026-01-18 20:40:09.397 [virtual-49] INFO  generator.GenerateFiles - ✓ Downloaded book 1399 (1957 KB)
2026-01-18 20:40:10.539 [virtual-50] INFO  generator.GenerateFiles -   [12] Downloading book 1661...
2026-01-18 20:40:11.119 [virtual-50] INFO  generator.GenerateFiles - ✓ Downloaded book 1661 (579 KB)
2026-01-18 20:40:12.540 [virtual-51] INFO  generator.GenerateFiles -   [13] Downloading book 2701...
2026-01-18 20:40:13.519 [virtual-51] INFO  generator.GenerateFiles - ✓ Downloaded book 2701 (1211 KB)
2026-01-18 20:40:14.540 [virtual-52] INFO  generator.GenerateFiles -   [14] Downloading book 2600...
2026-01-18 20:40:16.011 [virtual-52] INFO  generator.GenerateFiles - ✓ Downloaded book 2600 (3216 KB)
2026-01-18 20:40:16.539 [virtual-53] INFO  generator.GenerateFiles -   [15] Downloading book 1399...
2026-01-18 20:40:17.389 [virtual-53] INFO  generator.GenerateFiles - ✓ Downloaded book 1399 (1957 KB)
2026-01-18 20:40:18.540 [virtual-54] INFO  generator.GenerateFiles -   [16] Downloading book 1661...
2026-01-18 20:40:19.114 [virtual-54] INFO  generator.GenerateFiles - ✓ Downloaded book 1661 (579 KB)
2026-01-18 20:40:20.540 [virtual-55] INFO  generator.GenerateFiles -   [17] Downloading book 2701...
2026-01-18 20:40:21.543 [virtual-55] INFO  generator.GenerateFiles - ✓ Downloaded book 2701 (1211 KB)
2026-01-18 20:40:22.540 [virtual-56] INFO  generator.GenerateFiles -   [18] Downloading book 2600...
2026-01-18 20:40:23.837 [virtual-56] INFO  generator.GenerateFiles - ✓ Downloaded book 2600 (3216 KB)
2026-01-18 20:40:24.540 [virtual-57] INFO  generator.GenerateFiles -   [19] Downloading book 1399...
2026-01-18 20:40:25.385 [virtual-57] INFO  generator.GenerateFiles - ✓ Downloaded book 1399 (1957 KB)
2026-01-18 20:40:26.541 [virtual-58] INFO  generator.GenerateFiles -   [20] Downloading book 1661...
2026-01-18 20:40:27.108 [virtual-58] INFO  generator.GenerateFiles - ✓ Downloaded book 1661 (579 KB)
2026-01-18 20:40:27.112 [main] INFO  generator.GenerateFiles -   Successfully generated all 20 files
2026-01-18 20:40:31.915 [main] INFO  main.MenuController - Indexing from documents
2026-01-18 20:40:32.492 [main] INFO  main.MenuController - Indexing completed
2026-01-18 20:40:42.998 [main] INFO  core.BooleanSearchEngine - Index saved to test1.json (format: json, docs: 20, terms: 37057)
2026-01-18 20:40:42.998 [main] INFO  main.MenuController - Index was saved into test1.json.json%n
2026-01-18 20:40:46.606 [main] INFO  main.Main - ================================================================================
2026-01-18 20:40:46.606 [main] INFO  main.Main - APPLICATION FINISHED at 2026-01-18T20:40:46.606998800
2026-01-18 20:40:46.606 [main] INFO  main.Main - ================================================================================
2026-01-18 20:41:27.440 [main] INFO  main.Main - ================================================================================
2026-01-18 20:41:27.442 [main] INFO  main.Main - APPLICATION STARTED at 2026-01-18T20:41:27.442911900
2026-01-18 20:41:27.443 [main] INFO  main.Main - ================================================================================
2026-01-18 20:41:36.603 [main] INFO  core.BooleanSearchEngine - Index loaded from test1.json (format: json, docs: 20, terms: 37057, next ID: 21)
2026-01-18 20:41:36.603 [main] INFO  main.MenuController - Index was loaded from test1.json.json%n
2026-01-18 20:43:03.043 [main] INFO  core.BooleanSearchEngine - Index saved to test1.txt (format: txt, docs: 20, terms: 37057)
2026-01-18 20:43:03.044 [main] INFO  main.MenuController - Index was saved into test1.txt.txt%n
2026-01-18 20:43:10.604 [main] INFO  core.BooleanSearchEngine - Index saved to test1.bin (format: bin, docs: 20, terms: 37057)
2026-01-18 20:43:10.605 [main] INFO  main.MenuController - Index was saved into test1.bin.bin%n
2026-01-18 20:43:11.937 [main] INFO  main.Main - ================================================================================
2026-01-18 20:43:11.937 [main] INFO  main.Main - APPLICATION FINISHED at 2026-01-18T20:43:11.937795300
2026-01-18 20:43:11.937 [main] INFO  main.Main - ================================================================================
2026-01-18 20:43:59.769 [main] INFO  main.Main - ================================================================================
2026-01-18 20:43:59.771 [main] INFO  main.Main - APPLICATION STARTED at 2026-01-18T20:43:59.771055100
2026-01-18 20:43:59.772 [main] INFO  main.Main - ================================================================================
2026-01-18 20:44:15.115 [main] ERROR main.MenuController - Invalid format
2026-01-18 20:44:21.354 [main] INFO  core.BooleanSearchEngine - Index loaded from test1.txt (format: txt, docs: 20, terms: 37057, next ID: 21)
2026-01-18 20:44:21.354 [main] INFO  main.MenuController - Index was loaded from test1.txt.txt%n
2026-01-18 20:46:09.970 [main] INFO  main.Main - ================================================================================
2026-01-18 20:46:09.973 [main] INFO  main.Main - APPLICATION STARTED at 2026-01-18T20:46:09.973371400
2026-01-18 20:46:09.974 [main] INFO  main.Main - ================================================================================
2026-01-18 20:46:20.303 [main] INFO  core.BooleanSearchEngine - Index loaded from test1.json (format: json, docs: 20, terms: 37057, next ID: 21)
2026-01-18 20:46:20.303 [main] INFO  main.MenuController - Index was loaded from test1.json.json%n
2026-01-18 20:46:25.114 [main] ERROR main.MenuController - Invalid format
2026-01-18 20:46:33.473 [main] INFO  core.BooleanSearchEngine - Index saved to test2.ser (format: ser, docs: 20, terms: 37057)
2026-01-18 20:46:33.474 [main] INFO  main.MenuController - Index was saved into test2.ser.ser%n
2026-01-18 20:46:34.677 [main] INFO  main.Main - ================================================================================
2026-01-18 20:46:34.678 [main] INFO  main.Main - APPLICATION FINISHED at 2026-01-18T20:46:34.678492
2026-01-18 20:46:34.678 [main] INFO  main.Main - ================================================================================
2026-01-18 21:16:01.941 [main] INFO  main.Main - ================================================================================
2026-01-18 21:16:01.944 [main] INFO  main.Main - APPLICATION STARTED at 2026-01-18T21:16:01.943605500
2026-01-18 21:16:01.944 [main] INFO  main.Main - ================================================================================
2026-01-18 21:16:20.086 [main] ERROR main.MenuController - Invalid format
2026-01-18 21:16:27.996 [main] ERROR main.MenuController - Failed to load index
java.io.FileNotFoundException: serialization.ser (The system cannot find the file specified)
	at java.base/java.io.FileInputStream.open0(Native Method)
	at java.base/java.io.FileInputStream.open(FileInputStream.java:185)
	at java.base/java.io.FileInputStream.<init>(FileInputStream.java:139)
	at java.base/java.io.FileInputStream.<init>(FileInputStream.java:109)
	at serialization.serializers.BinarySerializer.deserialize(BinarySerializer.java:23)
	at core.BooleanSearchEngine.loadIndex(BooleanSearchEngine.java:165)
	at main.MenuController.lambda$loadIndex$0(MenuController.java:461)
	at main.MenuController.performFileOperationOnIndex(MenuController.java:501)
	at main.MenuController.loadIndex(MenuController.java:457)
	at main.MenuController.handleUserChoice(MenuController.java:111)
	at main.Main.main(Main.java:39)
2026-01-18 21:16:40.291 [main] INFO  core.BooleanSearchEngine - Index loaded from test2.ser (format: ser, docs: 20, terms: 37057, next ID: 21)
2026-01-18 21:16:40.291 [main] INFO  main.MenuController - Index was loaded from test2.ser.ser%n
2026-01-18 21:16:49.275 [main] INFO  core.BooleanSearchEngine - Index saved to temp_comparison.ser (format: ser, docs: 20, terms: 37057)
2026-01-18 21:16:49.601 [main] INFO  core.BooleanSearchEngine - Index loaded from temp_comparison.ser (format: ser, docs: 20, terms: 37057, next ID: 21)
2026-01-18 21:16:49.792 [main] INFO  core.BooleanSearchEngine - Index saved to temp_comparison.txt (format: txt, docs: 20, terms: 37057)
2026-01-18 21:16:50.020 [main] INFO  core.BooleanSearchEngine - Index loaded from temp_comparison.txt (format: txt, docs: 20, terms: 37057, next ID: 21)
2026-01-18 21:16:50.325 [main] INFO  core.BooleanSearchEngine - Index saved to temp_comparison.json (format: json, docs: 20, terms: 37057)
2026-01-18 21:16:50.473 [main] INFO  core.BooleanSearchEngine - Index loaded from temp_comparison.json (format: json, docs: 20, terms: 37057, next ID: 21)
2026-01-18 21:17:30.870 [main] ERROR main.Main - Unexpected error occured
java.util.NoSuchElementException: null
	at java.base/java.util.Scanner.throwFor(Scanner.java:962)
	at java.base/java.util.Scanner.next(Scanner.java:1619)
	at java.base/java.util.Scanner.nextInt(Scanner.java:2284)
	at java.base/java.util.Scanner.nextInt(Scanner.java:2238)
	at main.CustomScanner.parseInt(CustomScanner.java:19)
	at main.Main.main(Main.java:33)
2026-01-18 21:17:48.594 [main] INFO  main.Main - ================================================================================
2026-01-18 21:17:48.596 [main] INFO  main.Main - APPLICATION STARTED at 2026-01-18T21:17:48.596711700
2026-01-18 21:17:48.598 [main] INFO  main.Main - ================================================================================
2026-01-18 21:18:10.462 [main] ERROR main.MenuController - Failed to load index
java.io.FileNotFoundException: test2.ser (The system cannot find the file specified)
	at java.base/java.io.FileInputStream.open0(Native Method)
	at java.base/java.io.FileInputStream.open(FileInputStream.java:185)
	at java.base/java.io.FileInputStream.<init>(FileInputStream.java:139)
	at java.base/java.io.FileInputStream.<init>(FileInputStream.java:109)
	at serialization.serializers.BinarySerializer.deserialize(BinarySerializer.java:23)
	at core.BooleanSearchEngine.loadIndex(BooleanSearchEngine.java:165)
	at main.MenuController.lambda$loadIndex$0(MenuController.java:461)
	at main.MenuController.performFileOperationOnIndex(MenuController.java:501)
	at main.MenuController.loadIndex(MenuController.java:457)
	at main.MenuController.handleUserChoice(MenuController.java:111)
	at main.Main.main(Main.java:39)
2026-01-18 21:18:15.409 [main] INFO  main.MenuController - Indexing from documents
2026-01-18 21:18:15.874 [main] INFO  main.MenuController - Indexing completed
2026-01-18 21:18:23.188 [main] INFO  core.BooleanSearchEngine - Index saved to serialization.ser (format: ser, docs: 20, terms: 37057)
2026-01-18 21:18:23.188 [main] INFO  main.MenuController - Index was saved into serialization.ser.ser%n
2026-01-18 21:18:30.447 [main] INFO  core.BooleanSearchEngine - Index saved to serialization.txt (format: txt, docs: 20, terms: 37057)
2026-01-18 21:18:30.447 [main] INFO  main.MenuController - Index was saved into serialization.txt.txt%n
2026-01-18 21:18:35.213 [main] INFO  core.BooleanSearchEngine - Index saved to serialization.json (format: json, docs: 20, terms: 37057)
2026-01-18 21:18:35.214 [main] INFO  main.MenuController - Index was saved into serialization.json.json%n
2026-01-18 21:18:38.838 [main] INFO  core.BooleanSearchEngine - Index saved to temp_comparison.ser (format: ser, docs: 20, terms: 37057)
2026-01-18 21:18:39.233 [main] INFO  core.BooleanSearchEngine - Index loaded from temp_comparison.ser (format: ser, docs: 20, terms: 37057, next ID: 21)
2026-01-18 21:18:39.322 [main] INFO  core.BooleanSearchEngine - Index saved to temp_comparison.txt (format: txt, docs: 20, terms: 37057)
2026-01-18 21:18:39.507 [main] INFO  core.BooleanSearchEngine - Index loaded from temp_comparison.txt (format: txt, docs: 20, terms: 37057, next ID: 21)
2026-01-18 21:18:39.574 [main] INFO  core.BooleanSearchEngine - Index saved to temp_comparison.json (format: json, docs: 20, terms: 37057)
2026-01-18 21:18:39.726 [main] INFO  core.BooleanSearchEngine - Index loaded from temp_comparison.json (format: json, docs: 20, terms: 37057, next ID: 21)
2026-01-18 21:19:04.788 [main] ERROR main.Main - Unexpected error occured
java.util.NoSuchElementException: null
	at java.base/java.util.Scanner.throwFor(Scanner.java:962)
	at java.base/java.util.Scanner.next(Scanner.java:1619)
	at java.base/java.util.Scanner.nextInt(Scanner.java:2284)
	at java.base/java.util.Scanner.nextInt(Scanner.java:2238)
	at main.CustomScanner.parseInt(CustomScanner.java:19)
	at main.Main.main(Main.java:33)
2026-01-18 21:19:04.789 [main] ERROR main.Main - Unexpected error occured
java.util.NoSuchElementException: null
	at java.base/java.util.Scanner.throwFor(Scanner.java:962)
	at java.base/java.util.Scanner.next(Scanner.java:1619)
	at java.base/java.util.Scanner.nextInt(Scanner.java:2284)
	at java.base/java.util.Scanner.nextInt(Scanner.java:2238)
	at main.CustomScanner.parseInt(CustomScanner.java:19)
	at main.Main.main(Main.java:33)
2026-01-18 21:22:11.028 [main] INFO  main.Main - ================================================================================
2026-01-18 21:22:11.029 [main] INFO  main.Main - APPLICATION STARTED at 2026-01-18T21:22:11.029219300
2026-01-18 21:22:11.030 [main] INFO  main.Main - ================================================================================
2026-01-18 21:22:39.338 [main] ERROR main.MenuController - Invalid format
2026-01-18 21:22:52.042 [main] ERROR main.MenuController - Failed to load index
java.util.zip.ZipException: Not in GZIP format
	at java.base/java.util.zip.GZIPInputStream.readHeader(GZIPInputStream.java:199)
	at java.base/java.util.zip.GZIPInputStream.<init>(GZIPInputStream.java:82)
	at java.base/java.util.zip.GZIPInputStream.<init>(GZIPInputStream.java:114)
	at serialization.serializers.BinarySerializer.deserialize(BinarySerializer.java:29)
	at core.BooleanSearchEngine.loadIndex(BooleanSearchEngine.java:165)
	at main.MenuController.lambda$loadIndex$0(MenuController.java:461)
	at main.MenuController.performFileOperationOnIndex(MenuController.java:501)
	at main.MenuController.loadIndex(MenuController.java:457)
	at main.MenuController.handleUserChoice(MenuController.java:111)
	at main.Main.main(Main.java:39)
2026-01-18 21:23:09.438 [main] ERROR main.Main - Unexpected error occured
java.util.NoSuchElementException: null
	at java.base/java.util.Scanner.throwFor(Scanner.java:962)
	at java.base/java.util.Scanner.next(Scanner.java:1619)
	at java.base/java.util.Scanner.nextInt(Scanner.java:2284)
	at java.base/java.util.Scanner.nextInt(Scanner.java:2238)
	at main.CustomScanner.parseInt(CustomScanner.java:19)
	at main.Main.main(Main.java:33)
2026-01-18 21:24:10.702 [main] INFO  main.Main - ================================================================================
2026-01-18 21:24:10.704 [main] INFO  main.Main - APPLICATION STARTED at 2026-01-18T21:24:10.704295600
2026-01-18 21:24:10.705 [main] INFO  main.Main - ================================================================================
2026-01-18 21:24:18.135 [main] INFO  core.BooleanSearchEngine - Index loaded from serialization.ser (format: ser, docs: 20, terms: 37057, next ID: 21)
2026-01-18 21:24:18.136 [main] INFO  main.MenuController - Index was loaded from serialization.ser.ser%n
2026-01-18 21:24:25.974 [main] INFO  core.BooleanSearchEngine - Index saved to temp_comparison.ser (format: ser, docs: 20, terms: 37057)
2026-01-18 21:24:26.904 [main] INFO  core.BooleanSearchEngine - Index loaded from temp_comparison.ser (format: ser, docs: 20, terms: 37057, next ID: 21)
2026-01-18 21:24:27.072 [main] INFO  core.BooleanSearchEngine - Index saved to temp_comparison.txt (format: txt, docs: 20, terms: 37057)
2026-01-18 21:24:27.267 [main] INFO  core.BooleanSearchEngine - Index loaded from temp_comparison.txt (format: txt, docs: 20, terms: 37057, next ID: 21)
2026-01-18 21:24:27.541 [main] INFO  core.BooleanSearchEngine - Index saved to temp_comparison.json (format: json, docs: 20, terms: 37057)
2026-01-18 21:24:27.704 [main] INFO  core.BooleanSearchEngine - Index loaded from temp_comparison.json (format: json, docs: 20, terms: 37057, next ID: 21)
2026-01-18 21:28:31.889 [main] INFO  main.Main - ================================================================================
2026-01-18 21:28:31.892 [main] INFO  main.Main - APPLICATION STARTED at 2026-01-18T21:28:31.892496400
2026-01-18 21:28:31.892 [main] INFO  main.Main - ================================================================================
2026-01-18 21:28:41.252 [main] INFO  main.MenuController - Indexing from documents
2026-01-18 21:28:41.794 [main] INFO  main.MenuController - Indexing completed
2026-01-18 21:28:47.658 [main] INFO  core.BooleanSearchEngine - Index saved to serialization.ser (format: ser, docs: 20, terms: 37057)
2026-01-18 21:28:47.660 [main] INFO  main.MenuController - Index was saved into serialization.ser.ser%n
2026-01-18 21:28:51.629 [main] INFO  core.BooleanSearchEngine - Index saved to temp_comparison.ser (format: ser, docs: 20, terms: 37057)
2026-01-18 21:28:52.664 [main] INFO  core.BooleanSearchEngine - Index loaded from temp_comparison.ser (format: ser, docs: 20, terms: 37057, next ID: 21)
2026-01-18 21:28:52.818 [main] INFO  core.BooleanSearchEngine - Index saved to temp_comparison.txt (format: txt, docs: 20, terms: 37057)
2026-01-18 21:28:53.052 [main] INFO  core.BooleanSearchEngine - Index loaded from temp_comparison.txt (format: txt, docs: 20, terms: 37057, next ID: 21)
2026-01-18 21:28:53.347 [main] INFO  core.BooleanSearchEngine - Index saved to temp_comparison.json (format: json, docs: 20, terms: 37057)
2026-01-18 21:28:53.511 [main] INFO  core.BooleanSearchEngine - Index loaded from temp_comparison.json (format: json, docs: 20, terms: 37057, next ID: 21)
